Nov 21 21:35:48 raspberrypi rsyslogd: [origin software="rsyslogd" swVersion="8.4.2" x-pid="480" x-info="http://www.rsyslog.com"] start
Nov 21 21:35:48 raspberrypi kernel: [    0.000000] Booting Linux on physical CPU 0xf00
Nov 21 21:35:48 raspberrypi kernel: [    0.000000] Initializing cgroup subsys cpuset
Nov 21 21:35:48 raspberrypi kernel: [    0.000000] Initializing cgroup subsys cpu
Nov 21 21:35:48 raspberrypi kernel: [    0.000000] Initializing cgroup subsys cpuacct
Nov 21 21:35:48 raspberrypi kernel: [    0.000000] Linux version 4.1.13-v7+ (dc4@dc4-XPS13-9333) (gcc version 4.8.3 20140303 (prerelease) (crosstool-NG linaro-1.13.1+bzr2650 - Linaro GCC 2014.03) ) #826 SMP PREEMPT Fri Nov 13 20:19:03 GMT 2015
Nov 21 21:35:48 raspberrypi kernel: [    0.000000] CPU: ARMv7 Processor [410fc075] revision 5 (ARMv7), cr=10c5387d
Nov 21 21:35:48 raspberrypi kernel: [    0.000000] CPU: PIPT / VIPT nonaliasing data cache, VIPT aliasing instruction cache
Nov 21 21:35:48 raspberrypi kernel: [    0.000000] Machine model: Raspberry Pi 2 Model B Rev 1.1
Nov 21 21:35:48 raspberrypi kernel: [    0.000000] cma: Reserved 8 MiB at 0x3a800000
Nov 21 21:35:48 raspberrypi kernel: [    0.000000] Memory policy: Data cache writealloc
Nov 21 21:35:48 raspberrypi kernel: [    0.000000] [bcm2709_smp_init_cpus] enter (9420->f3003010)
Nov 21 21:35:48 raspberrypi kernel: [    0.000000] [bcm2709_smp_init_cpus] ncores=4
Nov 21 21:35:48 raspberrypi kernel: [    0.000000] PERCPU: Embedded 13 pages/cpu @b9f64000 s20608 r8192 d24448 u53248
Nov 21 21:35:48 raspberrypi kernel: [    0.000000] Built 1 zonelists in Zone order, mobility grouping on.  Total pages: 239540
Nov 21 21:35:48 raspberrypi kernel: [    0.000000] Kernel command line: dma.dmachans=0x7f35 bcm2708_fb.fbwidth=656 bcm2708_fb.fbheight=416 bcm2709.boardrev=0xa01041 bcm2709.serial=0x2269d93b smsc95xx.macaddr=B8:27:EB:69:D9:3B bcm2708_fb.fbswap=1 bcm2709.disk_led_gpio=47 bcm2709.disk_led_active_low=0 sdhci-bcm2708.emmc_clock_freq=250000000 vc_mem.mem_base=0x3dc00000 vc_mem.mem_size=0x3f000000  dwc_otg.lpm_enable=0 console=ttyAMA0,115200 console=tty1 root=/dev/mmcblk0p2 rootfstype=ext4 elevator=deadline fsck.repair=yes rootwait ip=192.168.1.253
Nov 21 21:35:48 raspberrypi kernel: [    0.000000] PID hash table entries: 4096 (order: 2, 16384 bytes)
Nov 21 21:35:48 raspberrypi kernel: [    0.000000] Dentry cache hash table entries: 131072 (order: 7, 524288 bytes)
Nov 21 21:35:48 raspberrypi kernel: [    0.000000] Inode-cache hash table entries: 65536 (order: 6, 262144 bytes)
Nov 21 21:35:48 raspberrypi kernel: [    0.000000] Memory: 939496K/966656K available (5967K kernel code, 534K rwdata, 1652K rodata, 420K init, 757K bss, 18968K reserved, 8192K cma-reserved)
Nov 21 21:35:48 raspberrypi kernel: [    0.000000] Virtual kernel memory layout:
Nov 21 21:35:48 raspberrypi kernel: [    0.000000]     vector  : 0xffff0000 - 0xffff1000   (   4 kB)
Nov 21 21:35:48 raspberrypi kernel: [    0.000000]     fixmap  : 0xffc00000 - 0xfff00000   (3072 kB)
Nov 21 21:35:48 raspberrypi kernel: [    0.000000]     vmalloc : 0xbb800000 - 0xff000000   (1080 MB)
Nov 21 21:35:48 raspberrypi kernel: [    0.000000]     lowmem  : 0x80000000 - 0xbb000000   ( 944 MB)
Nov 21 21:35:48 raspberrypi kernel: [    0.000000]     modules : 0x7f000000 - 0x80000000   (  16 MB)
Nov 21 21:35:48 raspberrypi kernel: [    0.000000]       .text : 0x80008000 - 0x80778f64   (7620 kB)
Nov 21 21:35:48 raspberrypi kernel: [    0.000000]       .init : 0x80779000 - 0x807e2000   ( 420 kB)
Nov 21 21:35:48 raspberrypi kernel: [    0.000000]       .data : 0x807e2000 - 0x80867b6c   ( 535 kB)
Nov 21 21:35:48 raspberrypi kernel: [    0.000000]        .bss : 0x8086a000 - 0x8092779c   ( 758 kB)
Nov 21 21:35:48 raspberrypi kernel: [    0.000000] SLUB: HWalign=64, Order=0-3, MinObjects=0, CPUs=4, Nodes=1
Nov 21 21:35:48 raspberrypi kernel: [    0.000000] Preemptible hierarchical RCU implementation.
Nov 21 21:35:48 raspberrypi kernel: [    0.000000] 	Additional per-CPU info printed with stalls.
Nov 21 21:35:48 raspberrypi kernel: [    0.000000] NR_IRQS:608
Nov 21 21:35:48 raspberrypi kernel: [    0.000000] Architected cp15 timer(s) running at 19.20MHz (phys).
Nov 21 21:35:48 raspberrypi kernel: [    0.000000] clocksource arch_sys_counter: mask: 0xffffffffffffff max_cycles: 0x46d987e47, max_idle_ns: 440795202767 ns
Nov 21 21:35:48 raspberrypi kernel: [    0.000011] sched_clock: 56 bits at 19MHz, resolution 52ns, wraps every 4398046511078ns
Nov 21 21:35:48 raspberrypi kernel: [    0.000031] Switching to timer-based delay loop, resolution 52ns
Nov 21 21:35:48 raspberrypi kernel: [    0.000318] Console: colour dummy device 80x30
Nov 21 21:35:48 raspberrypi kernel: [    0.002090] console [tty1] enabled
Nov 21 21:35:48 raspberrypi kernel: [    0.002158] Calibrating delay loop (skipped), value calculated using timer frequency.. 38.40 BogoMIPS (lpj=192000)
Nov 21 21:35:48 raspberrypi kernel: [    0.002258] pid_max: default: 32768 minimum: 301
Nov 21 21:35:48 raspberrypi kernel: [    0.002640] Mount-cache hash table entries: 2048 (order: 1, 8192 bytes)
Nov 21 21:35:48 raspberrypi kernel: [    0.002706] Mountpoint-cache hash table entries: 2048 (order: 1, 8192 bytes)
Nov 21 21:35:48 raspberrypi kernel: [    0.004026] Initializing cgroup subsys blkio
Nov 21 21:35:48 raspberrypi kernel: [    0.004112] Initializing cgroup subsys memory
Nov 21 21:35:48 raspberrypi kernel: [    0.004179] Initializing cgroup subsys devices
Nov 21 21:35:48 raspberrypi kernel: [    0.004238] Initializing cgroup subsys freezer
Nov 21 21:35:48 raspberrypi kernel: [    0.004314] Initializing cgroup subsys net_cls
Nov 21 21:35:48 raspberrypi kernel: [    0.004427] CPU: Testing write buffer coherency: ok
Nov 21 21:35:48 raspberrypi kernel: [    0.004548] ftrace: allocating 20235 entries in 60 pages
Nov 21 21:35:48 raspberrypi kernel: [    0.054118] CPU0: update cpu_capacity 1024
Nov 21 21:35:48 raspberrypi kernel: [    0.054202] CPU0: thread -1, cpu 0, socket 15, mpidr 80000f00
Nov 21 21:35:48 raspberrypi kernel: [    0.054249] [bcm2709_smp_prepare_cpus] enter
Nov 21 21:35:48 raspberrypi kernel: [    0.054411] Setting up static identity map for 0x8240 - 0x8274
Nov 21 21:35:48 raspberrypi kernel: [    0.113992] [bcm2709_boot_secondary] cpu:1 started (0) 16
Nov 21 21:35:48 raspberrypi kernel: [    0.114431] [bcm2709_secondary_init] enter cpu:1
Nov 21 21:35:48 raspberrypi kernel: [    0.114485] CPU1: update cpu_capacity 1024
Nov 21 21:35:48 raspberrypi kernel: [    0.114494] CPU1: thread -1, cpu 1, socket 15, mpidr 80000f01
Nov 21 21:35:48 raspberrypi kernel: [    0.133972] [bcm2709_boot_secondary] cpu:2 started (0) 16
Nov 21 21:35:48 raspberrypi kernel: [    0.134335] [bcm2709_secondary_init] enter cpu:2
Nov 21 21:35:48 raspberrypi kernel: [    0.134368] CPU2: update cpu_capacity 1024
Nov 21 21:35:48 raspberrypi kernel: [    0.134376] CPU2: thread -1, cpu 2, socket 15, mpidr 80000f02
Nov 21 21:35:48 raspberrypi kernel: [    0.154011] [bcm2709_boot_secondary] cpu:3 started (0) 18
Nov 21 21:35:48 raspberrypi kernel: [    0.154266] [bcm2709_secondary_init] enter cpu:3
Nov 21 21:35:48 raspberrypi kernel: [    0.154295] CPU3: update cpu_capacity 1024
Nov 21 21:35:48 raspberrypi kernel: [    0.154304] CPU3: thread -1, cpu 3, socket 15, mpidr 80000f03
Nov 21 21:35:48 raspberrypi kernel: [    0.154396] Brought up 4 CPUs
Nov 21 21:35:48 raspberrypi kernel: [    0.154530] SMP: Total of 4 processors activated (153.60 BogoMIPS).
Nov 21 21:35:48 raspberrypi kernel: [    0.154572] CPU: All CPU(s) started in HYP mode.
Nov 21 21:35:48 raspberrypi kernel: [    0.154607] CPU: Virtualization extensions available.
Nov 21 21:35:48 raspberrypi kernel: [    0.155616] devtmpfs: initialized
Nov 21 21:35:48 raspberrypi kernel: [    0.180033] VFP support v0.3: implementor 41 architecture 2 part 30 variant 7 rev 5
Nov 21 21:35:48 raspberrypi kernel: [    0.180426] clocksource jiffies: mask: 0xffffffff max_cycles: 0xffffffff, max_idle_ns: 19112604462750000 ns
Nov 21 21:35:48 raspberrypi kernel: [    0.181567] pinctrl core: initialized pinctrl subsystem
Nov 21 21:35:48 raspberrypi kernel: [    0.182408] NET: Registered protocol family 16
Nov 21 21:35:48 raspberrypi kernel: [    0.188211] DMA: preallocated 4096 KiB pool for atomic coherent allocations
Nov 21 21:35:48 raspberrypi kernel: [    0.189505] bcm2709.uart_clock = 3000000
Nov 21 21:35:48 raspberrypi kernel: [    0.194374] hw-breakpoint: found 5 (+1 reserved) breakpoint and 4 watchpoint registers.
Nov 21 21:35:48 raspberrypi kernel: [    0.194444] hw-breakpoint: maximum watchpoint size is 8 bytes.
Nov 21 21:35:48 raspberrypi kernel: [    0.194665] Serial: AMBA PL011 UART driver
Nov 21 21:35:48 raspberrypi kernel: [    0.194875] 3f201000.uart: ttyAMA0 at MMIO 0x3f201000 (irq = 83, base_baud = 0) is a PL011 rev2
Nov 21 21:35:48 raspberrypi kernel: [    0.702888] console [ttyAMA0] enabled
Nov 21 21:35:48 raspberrypi kernel: [    0.707165] bcm2835-mbox 3f00b880.mailbox: mailbox enabled
Nov 21 21:35:48 raspberrypi kernel: [    0.786470] bcm2708-dmaengine 3f007000.dma: DMA legacy API manager at f3007000, dmachans=0xf35
Nov 21 21:35:48 raspberrypi kernel: [    0.795225] bcm2708-dmaengine 3f007000.dma: Initialized 7 DMA channels (+ 1 legacy)
Nov 21 21:35:48 raspberrypi kernel: [    0.803639] bcm2708-dmaengine 3f007000.dma: Load BCM2835 DMA engine driver
Nov 21 21:35:48 raspberrypi kernel: [    0.810563] bcm2708-dmaengine 3f007000.dma: dma_debug:0
Nov 21 21:35:48 raspberrypi kernel: [    0.816533] SCSI subsystem initialized
Nov 21 21:35:48 raspberrypi kernel: [    0.820548] usbcore: registered new interface driver usbfs
Nov 21 21:35:48 raspberrypi kernel: [    0.826187] usbcore: registered new interface driver hub
Nov 21 21:35:48 raspberrypi kernel: [    0.831681] usbcore: registered new device driver usb
Nov 21 21:35:48 raspberrypi kernel: [    0.837455] raspberrypi-firmware soc:firmware: Attached to firmware from 2015-11-18 15:43
Nov 21 21:35:48 raspberrypi kernel: [    0.873070] Switched to clocksource arch_sys_counter
Nov 21 21:35:48 raspberrypi kernel: [    0.927248] FS-Cache: Loaded
Nov 21 21:35:48 raspberrypi kernel: [    0.930535] CacheFiles: Loaded
Nov 21 21:35:48 raspberrypi kernel: [    0.945308] NET: Registered protocol family 2
Nov 21 21:35:48 raspberrypi kernel: [    0.950989] TCP established hash table entries: 8192 (order: 3, 32768 bytes)
Nov 21 21:35:48 raspberrypi kernel: [    0.958257] TCP bind hash table entries: 8192 (order: 4, 65536 bytes)
Nov 21 21:35:48 raspberrypi kernel: [    0.964972] TCP: Hash tables configured (established 8192 bind 8192)
Nov 21 21:35:48 raspberrypi kernel: [    0.971465] UDP hash table entries: 512 (order: 2, 16384 bytes)
Nov 21 21:35:48 raspberrypi kernel: [    0.977492] UDP-Lite hash table entries: 512 (order: 2, 16384 bytes)
Nov 21 21:35:48 raspberrypi kernel: [    0.984254] NET: Registered protocol family 1
Nov 21 21:35:48 raspberrypi kernel: [    0.989068] RPC: Registered named UNIX socket transport module.
Nov 21 21:35:48 raspberrypi kernel: [    0.995089] RPC: Registered udp transport module.
Nov 21 21:35:48 raspberrypi kernel: [    0.999818] RPC: Registered tcp transport module.
Nov 21 21:35:48 raspberrypi kernel: [    1.004576] RPC: Registered tcp NFSv4.1 backchannel transport module.
Nov 21 21:35:48 raspberrypi kernel: [    1.012316] hw perfevents: enabled with armv7_cortex_a7 PMU driver, 5 counters available
Nov 21 21:35:48 raspberrypi kernel: [    1.021918] futex hash table entries: 1024 (order: 4, 65536 bytes)
Nov 21 21:35:48 raspberrypi kernel: [    1.043922] VFS: Disk quotas dquot_6.6.0
Nov 21 21:35:48 raspberrypi kernel: [    1.048256] VFS: Dquot-cache hash table entries: 1024 (order 0, 4096 bytes)
Nov 21 21:35:48 raspberrypi kernel: [    1.057889] FS-Cache: Netfs 'nfs' registered for caching
Nov 21 21:35:48 raspberrypi kernel: [    1.064420] NFS: Registering the id_resolver key type
Nov 21 21:35:48 raspberrypi kernel: [    1.069564] Key type id_resolver registered
Nov 21 21:35:48 raspberrypi kernel: [    1.073806] Key type id_legacy registered
Nov 21 21:35:48 raspberrypi kernel: [    1.080605] Block layer SCSI generic (bsg) driver version 0.4 loaded (major 252)
Nov 21 21:35:48 raspberrypi kernel: [    1.088285] io scheduler noop registered
Nov 21 21:35:48 raspberrypi kernel: [    1.092240] io scheduler deadline registered (default)
Nov 21 21:35:48 raspberrypi kernel: [    1.097743] io scheduler cfq registered
Nov 21 21:35:48 raspberrypi kernel: [    1.104224] BCM2708FB: allocated DMA memory fac00000
Nov 21 21:35:48 raspberrypi kernel: [    1.109249] BCM2708FB: allocated DMA channel 0 @ f3007000
Nov 21 21:35:48 raspberrypi kernel: [    1.120318] Console: switching to colour frame buffer device 82x26
Nov 21 21:35:48 raspberrypi kernel: [    1.131828] Serial: 8250/16550 driver, 0 ports, IRQ sharing disabled
Nov 21 21:35:48 raspberrypi kernel: [    1.141152] vc-cma: Videocore CMA driver
Nov 21 21:35:48 raspberrypi kernel: [    1.146793] vc-cma: vc_cma_base      = 0x00000000
Nov 21 21:35:48 raspberrypi kernel: [    1.153190] vc-cma: vc_cma_size      = 0x00000000 (0 MiB)
Nov 21 21:35:48 raspberrypi kernel: [    1.160200] vc-cma: vc_cma_initial   = 0x00000000 (0 MiB)
Nov 21 21:35:48 raspberrypi kernel: [    1.167380] vc-mem: phys_addr:0x00000000 mem_base=0x3dc00000 mem_size:0x3f000000(1008 MiB)
Nov 21 21:35:48 raspberrypi kernel: [    1.194502] brd: module loaded
Nov 21 21:35:48 raspberrypi kernel: [    1.208059] loop: module loaded
Nov 21 21:35:48 raspberrypi kernel: [    1.213690] vchiq: vchiq_init_state: slot_zero = 0xbac80000, is_master = 0
Nov 21 21:35:48 raspberrypi kernel: [    1.223873] Loading iSCSI transport class v2.0-870.
Nov 21 21:35:48 raspberrypi kernel: [    1.231194] usbcore: registered new interface driver smsc95xx
Nov 21 21:35:48 raspberrypi kernel: [    1.238599] dwc_otg: version 3.00a 10-AUG-2012 (platform bus)
Nov 21 21:35:48 raspberrypi kernel: [    1.446257] Core Release: 2.80a
Nov 21 21:35:48 raspberrypi kernel: [    1.450859] Setting default values for core params
Nov 21 21:35:48 raspberrypi kernel: [    1.457198] Finished setting default values for core params
Nov 21 21:35:48 raspberrypi kernel: [    1.664711] Using Buffer DMA mode
Nov 21 21:35:48 raspberrypi kernel: [    1.669529] Periodic Transfer Interrupt Enhancement - disabled
Nov 21 21:35:48 raspberrypi kernel: [    1.676932] Multiprocessor Interrupt Enhancement - disabled
Nov 21 21:35:48 raspberrypi kernel: [    1.684110] OTG VER PARAM: 0, OTG VER FLAG: 0
Nov 21 21:35:48 raspberrypi kernel: [    1.690024] Dedicated Tx FIFOs mode
Nov 21 21:35:48 raspberrypi kernel: [    1.695374] WARN::dwc_otg_hcd_init:1047: FIQ DMA bounce buffers: virt = 0xbac14000 dma = 0xfac14000 len=9024
Nov 21 21:35:48 raspberrypi kernel: [    1.708412] FIQ FSM acceleration enabled for :
Nov 21 21:35:48 raspberrypi kernel: [    1.708412] Non-periodic Split Transactions
Nov 21 21:35:48 raspberrypi kernel: [    1.708412] Periodic Split Transactions
Nov 21 21:35:48 raspberrypi kernel: [    1.708412] High-Speed Isochronous Endpoints
Nov 21 21:35:48 raspberrypi kernel: [    1.731708] WARN::hcd_init_fiq:412: FIQ on core 1 at 0x80402c54
Nov 21 21:35:48 raspberrypi kernel: [    1.739254] WARN::hcd_init_fiq:413: FIQ ASM at 0x80402fb0 length 36
Nov 21 21:35:48 raspberrypi kernel: [    1.747157] WARN::hcd_init_fiq:438: MPHI regs_base at 0xbb89a000
Nov 21 21:35:48 raspberrypi kernel: [    1.754787] dwc_otg 3f980000.usb: DWC OTG Controller
Nov 21 21:35:48 raspberrypi kernel: [    1.761374] dwc_otg 3f980000.usb: new USB bus registered, assigned bus number 1
Nov 21 21:35:48 raspberrypi kernel: [    1.770339] dwc_otg 3f980000.usb: irq 32, io mem 0x00000000
Nov 21 21:35:48 raspberrypi kernel: [    1.777545] Init: Port Power? op_state=1
Nov 21 21:35:48 raspberrypi kernel: [    1.782997] Init: Power Port (0)
Nov 21 21:35:48 raspberrypi kernel: [    1.788041] usb usb1: New USB device found, idVendor=1d6b, idProduct=0002
Nov 21 21:35:48 raspberrypi kernel: [    1.796442] usb usb1: New USB device strings: Mfr=3, Product=2, SerialNumber=1
Nov 21 21:35:48 raspberrypi kernel: [    1.805261] usb usb1: Product: DWC OTG Controller
Nov 21 21:35:48 raspberrypi kernel: [    1.811505] usb usb1: Manufacturer: Linux 4.1.13-v7+ dwc_otg_hcd
Nov 21 21:35:48 raspberrypi kernel: [    1.819084] usb usb1: SerialNumber: 3f980000.usb
Nov 21 21:35:48 raspberrypi kernel: [    1.826124] hub 1-0:1.0: USB hub found
Nov 21 21:35:48 raspberrypi kernel: [    1.831445] hub 1-0:1.0: 1 port detected
Nov 21 21:35:48 raspberrypi kernel: [    1.837828] usbcore: registered new interface driver usb-storage
Nov 21 21:35:48 raspberrypi kernel: [    1.845599] mousedev: PS/2 mouse device common for all mice
Nov 21 21:35:48 raspberrypi kernel: [    1.853531] bcm2835-cpufreq: min=600000 max=900000
Nov 21 21:35:48 raspberrypi kernel: [    1.860144] sdhci: Secure Digital Host Controller Interface driver
Nov 21 21:35:48 raspberrypi kernel: [    1.867877] sdhci: Copyright(c) Pierre Ossman
Nov 21 21:35:48 raspberrypi kernel: [    1.874233] mmc-bcm2835 3f300000.mmc: mmc_debug:0 mmc_debug2:0
Nov 21 21:35:48 raspberrypi kernel: [    1.881612] mmc-bcm2835 3f300000.mmc: DMA channels allocated
Nov 21 21:35:48 raspberrypi kernel: [    1.923467] sdhci-pltfm: SDHCI platform and OF driver helper
Nov 21 21:35:48 raspberrypi kernel: [    1.936755] ledtrig-cpu: registered to indicate activity on CPUs
Nov 21 21:35:48 raspberrypi kernel: [    1.944630] hidraw: raw HID events driver (C) Jiri Kosina
Nov 21 21:35:48 raspberrypi kernel: [    1.952890] usbcore: registered new interface driver usbhid
Nov 21 21:35:48 raspberrypi kernel: [    1.961136] usbhid: USB HID core driver
Nov 21 21:35:48 raspberrypi kernel: [    1.968024] Initializing XFRM netlink socket
Nov 21 21:35:48 raspberrypi kernel: [    1.973988] NET: Registered protocol family 17
Nov 21 21:35:48 raspberrypi kernel: [    1.983182] Key type dns_resolver registered
Nov 21 21:35:48 raspberrypi kernel: [    1.989461] Registering SWP/SWPB emulation handler
Nov 21 21:35:48 raspberrypi kernel: [    1.996681] registered taskstats version 1
Nov 21 21:35:48 raspberrypi kernel: [    2.002512] vc-sm: Videocore shared memory driver
Nov 21 21:35:48 raspberrypi kernel: [    2.008740] [vc_sm_connected_init]: start
Nov 21 21:35:48 raspberrypi kernel: [    2.010940] mmc0: host does not support reading read-only switch, assuming write-enable
Nov 21 21:35:48 raspberrypi kernel: [    2.013106] mmc0: new high speed SDHC card at address 1234
Nov 21 21:35:48 raspberrypi kernel: [    2.013770] mmcblk0: mmc0:1234 SA16G 14.6 GiB 
Nov 21 21:35:48 raspberrypi kernel: [    2.015671]  mmcblk0: p1 p2
Nov 21 21:35:48 raspberrypi kernel: [    2.042882] Indeed it is in host mode hprt0 = 00021501
Nov 21 21:35:48 raspberrypi kernel: [    2.043788] [vc_sm_connected_init]: end - returning 0
Nov 21 21:35:48 raspberrypi kernel: [    2.233121] usb 1-1: new high-speed USB device number 2 using dwc_otg
Nov 21 21:35:48 raspberrypi kernel: [    2.241368] Indeed it is in host mode hprt0 = 00001101
Nov 21 21:35:48 raspberrypi kernel: [    2.443455] usb 1-1: New USB device found, idVendor=0424, idProduct=9514
Nov 21 21:35:48 raspberrypi kernel: [    2.451817] usb 1-1: New USB device strings: Mfr=0, Product=0, SerialNumber=0
Nov 21 21:35:48 raspberrypi kernel: [    2.461459] hub 1-1:1.0: USB hub found
Nov 21 21:35:48 raspberrypi kernel: [    2.466982] hub 1-1:1.0: 5 ports detected
Nov 21 21:35:48 raspberrypi kernel: [    2.753110] usb 1-1.1: new high-speed USB device number 3 using dwc_otg
Nov 21 21:35:48 raspberrypi kernel: [    2.873433] usb 1-1.1: New USB device found, idVendor=0424, idProduct=ec00
Nov 21 21:35:48 raspberrypi kernel: [    2.881989] usb 1-1.1: New USB device strings: Mfr=0, Product=0, SerialNumber=0
Nov 21 21:35:48 raspberrypi kernel: [    2.893822] smsc95xx v1.0.4
Nov 21 21:35:48 raspberrypi kernel: [    2.957241] smsc95xx 1-1.1:1.0 eth0: register 'smsc95xx' at usb-3f980000.usb-1.1, smsc95xx USB 2.0 Ethernet, b8:27:eb:69:d9:3b
Nov 21 21:35:48 raspberrypi kernel: [    3.063117] usb 1-1.2: new high-speed USB device number 4 using dwc_otg
Nov 21 21:35:48 raspberrypi kernel: [    3.105758] smsc95xx 1-1.1:1.0 eth0: hardware isn't capable of remote wakeup
Nov 21 21:35:48 raspberrypi kernel: [    3.184662] usb 1-1.2: New USB device found, idVendor=0bda, idProduct=8176
Nov 21 21:35:48 raspberrypi kernel: [    3.193401] usb 1-1.2: New USB device strings: Mfr=1, Product=2, SerialNumber=3
Nov 21 21:35:48 raspberrypi kernel: [    3.202518] usb 1-1.2: Product: 802.11n WLAN Adapter
Nov 21 21:35:48 raspberrypi kernel: [    3.209294] usb 1-1.2: Manufacturer: Realtek
Nov 21 21:35:48 raspberrypi kernel: [    3.215356] usb 1-1.2: SerialNumber: 00e04c000001
Nov 21 21:35:48 raspberrypi kernel: [   10.958653] smsc95xx 1-1.1:1.0 eth0: link up, 100Mbps, full-duplex, lpa 0x45E1
Nov 21 21:35:48 raspberrypi kernel: [   10.993111] IP-Config: Guessing netmask 255.255.255.0
Nov 21 21:35:48 raspberrypi kernel: [   11.000233] IP-Config: Complete:
Nov 21 21:35:48 raspberrypi kernel: [   11.005299]      device=eth0, hwaddr=b8:27:eb:69:d9:3b, ipaddr=192.168.1.253, mask=255.255.255.0, gw=255.255.255.255
Nov 21 21:35:48 raspberrypi kernel: [   11.019557]      host=192.168.1.253, domain=, nis-domain=(none)
Nov 21 21:35:48 raspberrypi kernel: [   11.027397]      bootserver=255.255.255.255, rootserver=255.255.255.255, rootpath=
Nov 21 21:35:48 raspberrypi kernel: [   11.058474] EXT4-fs (mmcblk0p2): mounted filesystem with ordered data mode. Opts: (null)
Nov 21 21:35:48 raspberrypi kernel: [   11.070655] VFS: Mounted root (ext4 filesystem) readonly on device 179:2.
Nov 21 21:35:48 raspberrypi kernel: [   11.081400] devtmpfs: mounted
Nov 21 21:35:48 raspberrypi kernel: [   11.087053] Freeing unused kernel memory: 420K (80779000 - 807e2000)
Nov 21 21:35:48 raspberrypi kernel: [   11.477694] random: systemd urandom read with 114 bits of entropy available
Nov 21 21:35:48 raspberrypi kernel: [   11.690259] NET: Registered protocol family 10
Nov 21 21:35:48 raspberrypi kernel: [   11.817844] uart-pl011 3f201000.uart: no DMA platform data
Nov 21 21:35:48 raspberrypi kernel: [   12.038346] random: nonblocking pool is initialized
Nov 21 21:35:48 raspberrypi kernel: [   12.882460] fuse init (API version 7.23)
Nov 21 21:35:48 raspberrypi kernel: [   12.983355] i2c /dev entries driver
Nov 21 21:35:48 raspberrypi kernel: [   14.456267] gpiomem-bcm2835 3f200000.gpiomem: Initialised: Registers at 0x3f200000
Nov 21 21:35:48 raspberrypi kernel: [   15.144296] usbcore: registered new interface driver rtl8192cu
Nov 21 21:35:48 raspberrypi kernel: [   24.332112] EXT4-fs (mmcblk0p2): re-mounted. Opts: (null)
Nov 21 21:35:48 raspberrypi kernel: [   25.538613] IPv6: ADDRCONF(NETDEV_UP): wlan0: link is not ready
Nov 21 21:35:48 raspberrypi kernel: [   25.964456] cfg80211: Calling CRDA to update world regulatory domain
Nov 21 21:35:48 raspberrypi kernel: [   26.031622] cfg80211: World regulatory domain updated:
Nov 21 21:35:48 raspberrypi kernel: [   26.031666] cfg80211:  DFS Master region: unset
Nov 21 21:35:48 raspberrypi kernel: [   26.031676] cfg80211:   (start_freq - end_freq @ bandwidth), (max_antenna_gain, max_eirp), (dfs_cac_time)
Nov 21 21:35:48 raspberrypi kernel: [   26.031690] cfg80211:   (2402000 KHz - 2472000 KHz @ 40000 KHz), (N/A, 2000 mBm), (N/A)
Nov 21 21:35:48 raspberrypi kernel: [   26.031706] cfg80211:   (2457000 KHz - 2482000 KHz @ 40000 KHz), (N/A, 2000 mBm), (N/A)
Nov 21 21:35:48 raspberrypi kernel: [   26.031722] cfg80211:   (2474000 KHz - 2494000 KHz @ 20000 KHz), (N/A, 2000 mBm), (N/A)
Nov 21 21:35:48 raspberrypi kernel: [   26.031737] cfg80211:   (5170000 KHz - 5250000 KHz @ 80000 KHz, 160000 KHz AUTO), (N/A, 2000 mBm), (N/A)
Nov 21 21:35:48 raspberrypi kernel: [   26.031750] cfg80211:   (5250000 KHz - 5330000 KHz @ 80000 KHz, 160000 KHz AUTO), (N/A, 2000 mBm), (0 s)
Nov 21 21:35:48 raspberrypi kernel: [   26.031765] cfg80211:   (5490000 KHz - 5730000 KHz @ 160000 KHz), (N/A, 2000 mBm), (0 s)
Nov 21 21:35:48 raspberrypi kernel: [   26.031780] cfg80211:   (5735000 KHz - 5835000 KHz @ 80000 KHz), (N/A, 2000 mBm), (N/A)
Nov 21 21:35:48 raspberrypi kernel: [   26.031793] cfg80211:   (57240000 KHz - 63720000 KHz @ 2160000 KHz), (N/A, 0 mBm), (N/A)
Nov 21 21:36:19 raspberrypi kernel: [   64.812650] Adding 102396k swap on /var/swap.  Priority:-1 extents:5 across:1929212k SSFS
Feb 25 11:55:42 raspberrypi org.gtk.Private.AfcVolumeMonitor[811]: Volume monitor alive
Feb 25 12:03:57 raspberrypi org.gtk.Private.UDisks2VolumeMonitor[811]: g_dbus_connection_real_closed: Remote peer vanished with error: Underlying GIOStream returned 0 bytes on an async read (g-io-error-quark, 0). Exiting.
Feb 25 12:03:57 raspberrypi rsyslogd: [origin software="rsyslogd" swVersion="8.4.2" x-pid="480" x-info="http://www.rsyslog.com"] exiting on signal 15.
Feb 25 12:04:05 raspberrypi rsyslogd: [origin software="rsyslogd" swVersion="8.4.2" x-pid="464" x-info="http://www.rsyslog.com"] start
Feb 25 12:04:05 raspberrypi kernel: [    0.000000] Booting Linux on physical CPU 0xf00
Feb 25 12:04:05 raspberrypi kernel: [    0.000000] Initializing cgroup subsys cpuset
Feb 25 12:04:05 raspberrypi kernel: [    0.000000] Initializing cgroup subsys cpu
Feb 25 12:04:05 raspberrypi kernel: [    0.000000] Initializing cgroup subsys cpuacct
Feb 25 12:04:05 raspberrypi kernel: [    0.000000] Linux version 4.1.13-v7+ (dc4@dc4-XPS13-9333) (gcc version 4.8.3 20140303 (prerelease) (crosstool-NG linaro-1.13.1+bzr2650 - Linaro GCC 2014.03) ) #826 SMP PREEMPT Fri Nov 13 20:19:03 GMT 2015
Feb 25 12:04:05 raspberrypi kernel: [    0.000000] CPU: ARMv7 Processor [410fc075] revision 5 (ARMv7), cr=10c5387d
Feb 25 12:04:05 raspberrypi kernel: [    0.000000] CPU: PIPT / VIPT nonaliasing data cache, VIPT aliasing instruction cache
Feb 25 12:04:05 raspberrypi kernel: [    0.000000] Machine model: Raspberry Pi 2 Model B Rev 1.1
Feb 25 12:04:05 raspberrypi kernel: [    0.000000] cma: Reserved 8 MiB at 0x3a800000
Feb 25 12:04:05 raspberrypi kernel: [    0.000000] Memory policy: Data cache writealloc
Feb 25 12:04:05 raspberrypi kernel: [    0.000000] [bcm2709_smp_init_cpus] enter (9420->f3003010)
Feb 25 12:04:05 raspberrypi kernel: [    0.000000] [bcm2709_smp_init_cpus] ncores=4
Feb 25 12:04:05 raspberrypi kernel: [    0.000000] PERCPU: Embedded 13 pages/cpu @b9f64000 s20608 r8192 d24448 u53248
Feb 25 12:04:05 raspberrypi kernel: [    0.000000] Built 1 zonelists in Zone order, mobility grouping on.  Total pages: 239540
Feb 25 12:04:05 raspberrypi kernel: [    0.000000] Kernel command line: dma.dmachans=0x7f35 bcm2708_fb.fbwidth=656 bcm2708_fb.fbheight=416 bcm2709.boardrev=0xa01041 bcm2709.serial=0x2269d93b smsc95xx.macaddr=B8:27:EB:69:D9:3B bcm2708_fb.fbswap=1 bcm2709.disk_led_gpio=47 bcm2709.disk_led_active_low=0 sdhci-bcm2708.emmc_clock_freq=250000000 vc_mem.mem_base=0x3dc00000 vc_mem.mem_size=0x3f000000  dwc_otg.lpm_enable=0 console=ttyAMA0,115200 console=tty1 root=/dev/mmcblk0p2 rootfstype=ext4 elevator=deadline fsck.repair=yes rootwait ip=192.168.1.253
Feb 25 12:04:05 raspberrypi kernel: [    0.000000] PID hash table entries: 4096 (order: 2, 16384 bytes)
Feb 25 12:04:05 raspberrypi kernel: [    0.000000] Dentry cache hash table entries: 131072 (order: 7, 524288 bytes)
Feb 25 12:04:05 raspberrypi kernel: [    0.000000] Inode-cache hash table entries: 65536 (order: 6, 262144 bytes)
Feb 25 12:04:05 raspberrypi kernel: [    0.000000] Memory: 939496K/966656K available (5967K kernel code, 534K rwdata, 1652K rodata, 420K init, 757K bss, 18968K reserved, 8192K cma-reserved)
Feb 25 12:04:05 raspberrypi kernel: [    0.000000] Virtual kernel memory layout:
Feb 25 12:04:05 raspberrypi kernel: [    0.000000]     vector  : 0xffff0000 - 0xffff1000   (   4 kB)
Feb 25 12:04:05 raspberrypi kernel: [    0.000000]     fixmap  : 0xffc00000 - 0xfff00000   (3072 kB)
Feb 25 12:04:05 raspberrypi kernel: [    0.000000]     vmalloc : 0xbb800000 - 0xff000000   (1080 MB)
Feb 25 12:04:05 raspberrypi kernel: [    0.000000]     lowmem  : 0x80000000 - 0xbb000000   ( 944 MB)
Feb 25 12:04:05 raspberrypi kernel: [    0.000000]     modules : 0x7f000000 - 0x80000000   (  16 MB)
Feb 25 12:04:05 raspberrypi kernel: [    0.000000]       .text : 0x80008000 - 0x80778f64   (7620 kB)
Feb 25 12:04:05 raspberrypi kernel: [    0.000000]       .init : 0x80779000 - 0x807e2000   ( 420 kB)
Feb 25 12:04:05 raspberrypi kernel: [    0.000000]       .data : 0x807e2000 - 0x80867b6c   ( 535 kB)
Feb 25 12:04:05 raspberrypi kernel: [    0.000000]        .bss : 0x8086a000 - 0x8092779c   ( 758 kB)
Feb 25 12:04:05 raspberrypi kernel: [    0.000000] SLUB: HWalign=64, Order=0-3, MinObjects=0, CPUs=4, Nodes=1
Feb 25 12:04:05 raspberrypi kernel: [    0.000000] Preemptible hierarchical RCU implementation.
Feb 25 12:04:05 raspberrypi kernel: [    0.000000] 	Additional per-CPU info printed with stalls.
Feb 25 12:04:05 raspberrypi kernel: [    0.000000] NR_IRQS:608
Feb 25 12:04:05 raspberrypi kernel: [    0.000000] Architected cp15 timer(s) running at 19.20MHz (phys).
Feb 25 12:04:05 raspberrypi kernel: [    0.000000] clocksource arch_sys_counter: mask: 0xffffffffffffff max_cycles: 0x46d987e47, max_idle_ns: 440795202767 ns
Feb 25 12:04:05 raspberrypi kernel: [    0.000010] sched_clock: 56 bits at 19MHz, resolution 52ns, wraps every 4398046511078ns
Feb 25 12:04:05 raspberrypi kernel: [    0.000031] Switching to timer-based delay loop, resolution 52ns
Feb 25 12:04:05 raspberrypi kernel: [    0.000314] Console: colour dummy device 80x30
Feb 25 12:04:05 raspberrypi kernel: [    0.002085] console [tty1] enabled
Feb 25 12:04:05 raspberrypi kernel: [    0.002151] Calibrating delay loop (skipped), value calculated using timer frequency.. 38.40 BogoMIPS (lpj=192000)
Feb 25 12:04:05 raspberrypi kernel: [    0.002251] pid_max: default: 32768 minimum: 301
Feb 25 12:04:05 raspberrypi kernel: [    0.002624] Mount-cache hash table entries: 2048 (order: 1, 8192 bytes)
Feb 25 12:04:05 raspberrypi kernel: [    0.002692] Mountpoint-cache hash table entries: 2048 (order: 1, 8192 bytes)
Feb 25 12:04:05 raspberrypi kernel: [    0.003992] Initializing cgroup subsys blkio
Feb 25 12:04:05 raspberrypi kernel: [    0.004071] Initializing cgroup subsys memory
Feb 25 12:04:05 raspberrypi kernel: [    0.004140] Initializing cgroup subsys devices
Feb 25 12:04:05 raspberrypi kernel: [    0.004202] Initializing cgroup subsys freezer
Feb 25 12:04:05 raspberrypi kernel: [    0.004276] Initializing cgroup subsys net_cls
Feb 25 12:04:05 raspberrypi kernel: [    0.004385] CPU: Testing write buffer coherency: ok
Feb 25 12:04:05 raspberrypi kernel: [    0.004506] ftrace: allocating 20235 entries in 60 pages
Feb 25 12:04:05 raspberrypi kernel: [    0.054054] CPU0: update cpu_capacity 1024
Feb 25 12:04:05 raspberrypi kernel: [    0.054139] CPU0: thread -1, cpu 0, socket 15, mpidr 80000f00
Feb 25 12:04:05 raspberrypi kernel: [    0.054186] [bcm2709_smp_prepare_cpus] enter
Feb 25 12:04:05 raspberrypi kernel: [    0.054344] Setting up static identity map for 0x8240 - 0x8274
Feb 25 12:04:05 raspberrypi kernel: [    0.113900] [bcm2709_boot_secondary] cpu:1 started (0) 18
Feb 25 12:04:05 raspberrypi kernel: [    0.114339] [bcm2709_secondary_init] enter cpu:1
Feb 25 12:04:05 raspberrypi kernel: [    0.114391] CPU1: update cpu_capacity 1024
Feb 25 12:04:05 raspberrypi kernel: [    0.114399] CPU1: thread -1, cpu 1, socket 15, mpidr 80000f01
Feb 25 12:04:05 raspberrypi kernel: [    0.133892] [bcm2709_boot_secondary] cpu:2 started (0) 17
Feb 25 12:04:05 raspberrypi kernel: [    0.134251] [bcm2709_secondary_init] enter cpu:2
Feb 25 12:04:05 raspberrypi kernel: [    0.134284] CPU2: update cpu_capacity 1024
Feb 25 12:04:05 raspberrypi kernel: [    0.134292] CPU2: thread -1, cpu 2, socket 15, mpidr 80000f02
Feb 25 12:04:05 raspberrypi kernel: [    0.153935] [bcm2709_boot_secondary] cpu:3 started (0) 17
Feb 25 12:04:05 raspberrypi kernel: [    0.154191] [bcm2709_secondary_init] enter cpu:3
Feb 25 12:04:05 raspberrypi kernel: [    0.154220] CPU3: update cpu_capacity 1024
Feb 25 12:04:05 raspberrypi kernel: [    0.154229] CPU3: thread -1, cpu 3, socket 15, mpidr 80000f03
Feb 25 12:04:05 raspberrypi kernel: [    0.154322] Brought up 4 CPUs
Feb 25 12:04:05 raspberrypi kernel: [    0.154456] SMP: Total of 4 processors activated (153.60 BogoMIPS).
Feb 25 12:04:05 raspberrypi kernel: [    0.154497] CPU: All CPU(s) started in HYP mode.
Feb 25 12:04:05 raspberrypi kernel: [    0.154533] CPU: Virtualization extensions available.
Feb 25 12:04:05 raspberrypi kernel: [    0.155536] devtmpfs: initialized
Feb 25 12:04:05 raspberrypi kernel: [    0.179917] VFP support v0.3: implementor 41 architecture 2 part 30 variant 7 rev 5
Feb 25 12:04:05 raspberrypi kernel: [    0.180307] clocksource jiffies: mask: 0xffffffff max_cycles: 0xffffffff, max_idle_ns: 19112604462750000 ns
Feb 25 12:04:05 raspberrypi kernel: [    0.181445] pinctrl core: initialized pinctrl subsystem
Feb 25 12:04:05 raspberrypi kernel: [    0.182284] NET: Registered protocol family 16
Feb 25 12:04:05 raspberrypi kernel: [    0.188109] DMA: preallocated 4096 KiB pool for atomic coherent allocations
Feb 25 12:04:05 raspberrypi kernel: [    0.189399] bcm2709.uart_clock = 3000000
Feb 25 12:04:05 raspberrypi kernel: [    0.194232] hw-breakpoint: found 5 (+1 reserved) breakpoint and 4 watchpoint registers.
Feb 25 12:04:05 raspberrypi kernel: [    0.194306] hw-breakpoint: maximum watchpoint size is 8 bytes.
Feb 25 12:04:05 raspberrypi kernel: [    0.194525] Serial: AMBA PL011 UART driver
Feb 25 12:04:05 raspberrypi kernel: [    0.194736] 3f201000.uart: ttyAMA0 at MMIO 0x3f201000 (irq = 83, base_baud = 0) is a PL011 rev2
Feb 25 12:04:05 raspberrypi kernel: [    0.702747] console [ttyAMA0] enabled
Feb 25 12:04:05 raspberrypi kernel: [    0.707028] bcm2835-mbox 3f00b880.mailbox: mailbox enabled
Feb 25 12:04:05 raspberrypi kernel: [    0.786385] bcm2708-dmaengine 3f007000.dma: DMA legacy API manager at f3007000, dmachans=0xf35
Feb 25 12:04:05 raspberrypi kernel: [    0.795141] bcm2708-dmaengine 3f007000.dma: Initialized 7 DMA channels (+ 1 legacy)
Feb 25 12:04:05 raspberrypi kernel: [    0.803551] bcm2708-dmaengine 3f007000.dma: Load BCM2835 DMA engine driver
Feb 25 12:04:05 raspberrypi kernel: [    0.810478] bcm2708-dmaengine 3f007000.dma: dma_debug:0
Feb 25 12:04:05 raspberrypi kernel: [    0.816444] SCSI subsystem initialized
Feb 25 12:04:05 raspberrypi kernel: [    0.820456] usbcore: registered new interface driver usbfs
Feb 25 12:04:05 raspberrypi kernel: [    0.826100] usbcore: registered new interface driver hub
Feb 25 12:04:05 raspberrypi kernel: [    0.831574] usbcore: registered new device driver usb
Feb 25 12:04:05 raspberrypi kernel: [    0.837369] raspberrypi-firmware soc:firmware: Attached to firmware from 2015-11-18 15:43
Feb 25 12:04:05 raspberrypi kernel: [    0.872973] Switched to clocksource arch_sys_counter
Feb 25 12:04:05 raspberrypi kernel: [    0.927154] FS-Cache: Loaded
Feb 25 12:04:05 raspberrypi kernel: [    0.930437] CacheFiles: Loaded
Feb 25 12:04:05 raspberrypi kernel: [    0.945189] NET: Registered protocol family 2
Feb 25 12:04:05 raspberrypi kernel: [    0.950880] TCP established hash table entries: 8192 (order: 3, 32768 bytes)
Feb 25 12:04:05 raspberrypi kernel: [    0.958145] TCP bind hash table entries: 8192 (order: 4, 65536 bytes)
Feb 25 12:04:05 raspberrypi kernel: [    0.964860] TCP: Hash tables configured (established 8192 bind 8192)
Feb 25 12:04:05 raspberrypi kernel: [    0.971349] UDP hash table entries: 512 (order: 2, 16384 bytes)
Feb 25 12:04:05 raspberrypi kernel: [    0.977377] UDP-Lite hash table entries: 512 (order: 2, 16384 bytes)
Feb 25 12:04:05 raspberrypi kernel: [    0.984141] NET: Registered protocol family 1
Feb 25 12:04:05 raspberrypi kernel: [    0.988945] RPC: Registered named UNIX socket transport module.
Feb 25 12:04:05 raspberrypi kernel: [    0.994973] RPC: Registered udp transport module.
Feb 25 12:04:05 raspberrypi kernel: [    0.999700] RPC: Registered tcp transport module.
Feb 25 12:04:05 raspberrypi kernel: [    1.004444] RPC: Registered tcp NFSv4.1 backchannel transport module.
Feb 25 12:04:05 raspberrypi kernel: [    1.012086] hw perfevents: enabled with armv7_cortex_a7 PMU driver, 5 counters available
Feb 25 12:04:05 raspberrypi kernel: [    1.021701] futex hash table entries: 1024 (order: 4, 65536 bytes)
Feb 25 12:04:05 raspberrypi kernel: [    1.043893] VFS: Disk quotas dquot_6.6.0
Feb 25 12:04:05 raspberrypi kernel: [    1.048215] VFS: Dquot-cache hash table entries: 1024 (order 0, 4096 bytes)
Feb 25 12:04:05 raspberrypi kernel: [    1.057846] FS-Cache: Netfs 'nfs' registered for caching
Feb 25 12:04:05 raspberrypi kernel: [    1.064372] NFS: Registering the id_resolver key type
Feb 25 12:04:05 raspberrypi kernel: [    1.069530] Key type id_resolver registered
Feb 25 12:04:05 raspberrypi kernel: [    1.073809] Key type id_legacy registered
Feb 25 12:04:05 raspberrypi kernel: [    1.080611] Block layer SCSI generic (bsg) driver version 0.4 loaded (major 252)
Feb 25 12:04:05 raspberrypi kernel: [    1.088286] io scheduler noop registered
Feb 25 12:04:05 raspberrypi kernel: [    1.092243] io scheduler deadline registered (default)
Feb 25 12:04:05 raspberrypi kernel: [    1.097806] io scheduler cfq registered
Feb 25 12:04:05 raspberrypi kernel: [    1.104267] BCM2708FB: allocated DMA memory fac00000
Feb 25 12:04:05 raspberrypi kernel: [    1.109287] BCM2708FB: allocated DMA channel 0 @ f3007000
Feb 25 12:04:05 raspberrypi kernel: [    1.120368] Console: switching to colour frame buffer device 82x26
Feb 25 12:04:05 raspberrypi kernel: [    1.131849] Serial: 8250/16550 driver, 0 ports, IRQ sharing disabled
Feb 25 12:04:05 raspberrypi kernel: [    1.141161] vc-cma: Videocore CMA driver
Feb 25 12:04:05 raspberrypi kernel: [    1.146800] vc-cma: vc_cma_base      = 0x00000000
Feb 25 12:04:05 raspberrypi kernel: [    1.153195] vc-cma: vc_cma_size      = 0x00000000 (0 MiB)
Feb 25 12:04:05 raspberrypi kernel: [    1.160204] vc-cma: vc_cma_initial   = 0x00000000 (0 MiB)
Feb 25 12:04:05 raspberrypi kernel: [    1.167385] vc-mem: phys_addr:0x00000000 mem_base=0x3dc00000 mem_size:0x3f000000(1008 MiB)
Feb 25 12:04:05 raspberrypi kernel: [    1.194478] brd: module loaded
Feb 25 12:04:05 raspberrypi kernel: [    1.208016] loop: module loaded
Feb 25 12:04:05 raspberrypi kernel: [    1.213692] vchiq: vchiq_init_state: slot_zero = 0xbac80000, is_master = 0
Feb 25 12:04:05 raspberrypi kernel: [    1.223895] Loading iSCSI transport class v2.0-870.
Feb 25 12:04:05 raspberrypi kernel: [    1.231219] usbcore: registered new interface driver smsc95xx
Feb 25 12:04:05 raspberrypi kernel: [    1.238630] dwc_otg: version 3.00a 10-AUG-2012 (platform bus)
Feb 25 12:04:05 raspberrypi kernel: [    1.446274] Core Release: 2.80a
Feb 25 12:04:05 raspberrypi kernel: [    1.450877] Setting default values for core params
Feb 25 12:04:05 raspberrypi kernel: [    1.457219] Finished setting default values for core params
Feb 25 12:04:05 raspberrypi kernel: [    1.664731] Using Buffer DMA mode
Feb 25 12:04:05 raspberrypi kernel: [    1.669551] Periodic Transfer Interrupt Enhancement - disabled
Feb 25 12:04:05 raspberrypi kernel: [    1.676955] Multiprocessor Interrupt Enhancement - disabled
Feb 25 12:04:05 raspberrypi kernel: [    1.684135] OTG VER PARAM: 0, OTG VER FLAG: 0
Feb 25 12:04:05 raspberrypi kernel: [    1.690051] Dedicated Tx FIFOs mode
Feb 25 12:04:05 raspberrypi kernel: [    1.695434] WARN::dwc_otg_hcd_init:1047: FIQ DMA bounce buffers: virt = 0xbac14000 dma = 0xfac14000 len=9024
Feb 25 12:04:05 raspberrypi kernel: [    1.708475] FIQ FSM acceleration enabled for :
Feb 25 12:04:05 raspberrypi kernel: [    1.708475] Non-periodic Split Transactions
Feb 25 12:04:05 raspberrypi kernel: [    1.708475] Periodic Split Transactions
Feb 25 12:04:05 raspberrypi kernel: [    1.708475] High-Speed Isochronous Endpoints
Feb 25 12:04:05 raspberrypi kernel: [    1.731772] WARN::hcd_init_fiq:412: FIQ on core 1 at 0x80402c54
Feb 25 12:04:05 raspberrypi kernel: [    1.739318] WARN::hcd_init_fiq:413: FIQ ASM at 0x80402fb0 length 36
Feb 25 12:04:05 raspberrypi kernel: [    1.747219] WARN::hcd_init_fiq:438: MPHI regs_base at 0xbb89a000
Feb 25 12:04:05 raspberrypi kernel: [    1.754849] dwc_otg 3f980000.usb: DWC OTG Controller
Feb 25 12:04:05 raspberrypi kernel: [    1.761416] dwc_otg 3f980000.usb: new USB bus registered, assigned bus number 1
Feb 25 12:04:05 raspberrypi kernel: [    1.770378] dwc_otg 3f980000.usb: irq 32, io mem 0x00000000
Feb 25 12:04:05 raspberrypi kernel: [    1.777583] Init: Port Power? op_state=1
Feb 25 12:04:05 raspberrypi kernel: [    1.783061] Init: Power Port (0)
Feb 25 12:04:05 raspberrypi kernel: [    1.788077] usb usb1: New USB device found, idVendor=1d6b, idProduct=0002
Feb 25 12:04:05 raspberrypi kernel: [    1.796476] usb usb1: New USB device strings: Mfr=3, Product=2, SerialNumber=1
Feb 25 12:04:05 raspberrypi kernel: [    1.805295] usb usb1: Product: DWC OTG Controller
Feb 25 12:04:05 raspberrypi kernel: [    1.811540] usb usb1: Manufacturer: Linux 4.1.13-v7+ dwc_otg_hcd
Feb 25 12:04:05 raspberrypi kernel: [    1.819120] usb usb1: SerialNumber: 3f980000.usb
Feb 25 12:04:05 raspberrypi kernel: [    1.826153] hub 1-0:1.0: USB hub found
Feb 25 12:04:05 raspberrypi kernel: [    1.831474] hub 1-0:1.0: 1 port detected
Feb 25 12:04:05 raspberrypi kernel: [    1.837849] usbcore: registered new interface driver usb-storage
Feb 25 12:04:05 raspberrypi kernel: [    1.845630] mousedev: PS/2 mouse device common for all mice
Feb 25 12:04:05 raspberrypi kernel: [    1.853556] bcm2835-cpufreq: min=600000 max=900000
Feb 25 12:04:05 raspberrypi kernel: [    1.860185] sdhci: Secure Digital Host Controller Interface driver
Feb 25 12:04:05 raspberrypi kernel: [    1.867915] sdhci: Copyright(c) Pierre Ossman
Feb 25 12:04:05 raspberrypi kernel: [    1.874263] mmc-bcm2835 3f300000.mmc: mmc_debug:0 mmc_debug2:0
Feb 25 12:04:05 raspberrypi kernel: [    1.881642] mmc-bcm2835 3f300000.mmc: DMA channels allocated
Feb 25 12:04:05 raspberrypi kernel: [    1.923363] sdhci-pltfm: SDHCI platform and OF driver helper
Feb 25 12:04:05 raspberrypi kernel: [    1.933443] ledtrig-cpu: registered to indicate activity on CPUs
Feb 25 12:04:05 raspberrypi kernel: [    1.941214] hidraw: raw HID events driver (C) Jiri Kosina
Feb 25 12:04:05 raspberrypi kernel: [    1.948442] usbcore: registered new interface driver usbhid
Feb 25 12:04:05 raspberrypi kernel: [    1.955599] usbhid: USB HID core driver
Feb 25 12:04:05 raspberrypi kernel: [    1.961273] Initializing XFRM netlink socket
Feb 25 12:04:05 raspberrypi kernel: [    1.967152] NET: Registered protocol family 17
Feb 25 12:04:05 raspberrypi kernel: [    1.970845] mmc0: host does not support reading read-only switch, assuming write-enable
Feb 25 12:04:05 raspberrypi kernel: [    1.973010] mmc0: new high speed SDHC card at address 1234
Feb 25 12:04:05 raspberrypi kernel: [    1.973620] mmcblk0: mmc0:1234 SA16G 14.6 GiB 
Feb 25 12:04:05 raspberrypi kernel: [    1.986153]  mmcblk0: p1 p2
Feb 25 12:04:05 raspberrypi kernel: [    2.001971] Key type dns_resolver registered
Feb 25 12:04:05 raspberrypi kernel: [    2.008403] Registering SWP/SWPB emulation handler
Feb 25 12:04:05 raspberrypi kernel: [    2.015807] registered taskstats version 1
Feb 25 12:04:05 raspberrypi kernel: [    2.021738] vc-sm: Videocore shared memory driver
Feb 25 12:04:05 raspberrypi kernel: [    2.028050] [vc_sm_connected_init]: start
Feb 25 12:04:05 raspberrypi kernel: [    2.033752] Indeed it is in host mode hprt0 = 00021501
Feb 25 12:04:05 raspberrypi kernel: [    2.053560] [vc_sm_connected_init]: end - returning 0
Feb 25 12:04:05 raspberrypi kernel: [    2.213023] usb 1-1: new high-speed USB device number 2 using dwc_otg
Feb 25 12:04:05 raspberrypi kernel: [    2.221274] Indeed it is in host mode hprt0 = 00001101
Feb 25 12:04:05 raspberrypi kernel: [    2.423359] usb 1-1: New USB device found, idVendor=0424, idProduct=9514
Feb 25 12:04:05 raspberrypi kernel: [    2.431729] usb 1-1: New USB device strings: Mfr=0, Product=0, SerialNumber=0
Feb 25 12:04:05 raspberrypi kernel: [    2.441388] hub 1-1:1.0: USB hub found
Feb 25 12:04:05 raspberrypi kernel: [    2.446904] hub 1-1:1.0: 5 ports detected
Feb 25 12:04:05 raspberrypi kernel: [    2.733010] usb 1-1.1: new high-speed USB device number 3 using dwc_otg
Feb 25 12:04:05 raspberrypi kernel: [    2.853337] usb 1-1.1: New USB device found, idVendor=0424, idProduct=ec00
Feb 25 12:04:05 raspberrypi kernel: [    2.861890] usb 1-1.1: New USB device strings: Mfr=0, Product=0, SerialNumber=0
Feb 25 12:04:05 raspberrypi kernel: [    2.873672] smsc95xx v1.0.4
Feb 25 12:04:05 raspberrypi kernel: [    2.937148] smsc95xx 1-1.1:1.0 eth0: register 'smsc95xx' at usb-3f980000.usb-1.1, smsc95xx USB 2.0 Ethernet, b8:27:eb:69:d9:3b
Feb 25 12:04:05 raspberrypi kernel: [    3.043011] usb 1-1.2: new high-speed USB device number 4 using dwc_otg
Feb 25 12:04:05 raspberrypi kernel: [    3.125615] smsc95xx 1-1.1:1.0 eth0: hardware isn't capable of remote wakeup
Feb 25 12:04:05 raspberrypi kernel: [    3.164556] usb 1-1.2: New USB device found, idVendor=0bda, idProduct=8176
Feb 25 12:04:05 raspberrypi kernel: [    3.173263] usb 1-1.2: New USB device strings: Mfr=1, Product=2, SerialNumber=3
Feb 25 12:04:05 raspberrypi kernel: [    3.182377] usb 1-1.2: Product: 802.11n WLAN Adapter
Feb 25 12:04:05 raspberrypi kernel: [    3.189153] usb 1-1.2: Manufacturer: Realtek
Feb 25 12:04:05 raspberrypi kernel: [    3.195212] usb 1-1.2: SerialNumber: 00e04c000001
Feb 25 12:04:05 raspberrypi kernel: [    4.569762] smsc95xx 1-1.1:1.0 eth0: link up, 100Mbps, full-duplex, lpa 0x45E1
Feb 25 12:04:05 raspberrypi kernel: [    4.593024] IP-Config: Guessing netmask 255.255.255.0
Feb 25 12:04:05 raspberrypi kernel: [    4.600136] IP-Config: Complete:
Feb 25 12:04:05 raspberrypi kernel: [    4.605149]      device=eth0, hwaddr=b8:27:eb:69:d9:3b, ipaddr=192.168.1.253, mask=255.255.255.0, gw=255.255.255.255
Feb 25 12:04:05 raspberrypi kernel: [    4.619263]      host=192.168.1.253, domain=, nis-domain=(none)
Feb 25 12:04:05 raspberrypi kernel: [    4.627074]      bootserver=255.255.255.255, rootserver=255.255.255.255, rootpath=
Feb 25 12:04:05 raspberrypi kernel: [    4.657664] EXT4-fs (mmcblk0p2): mounted filesystem with ordered data mode. Opts: (null)
Feb 25 12:04:05 raspberrypi kernel: [    4.669751] VFS: Mounted root (ext4 filesystem) readonly on device 179:2.
Feb 25 12:04:05 raspberrypi kernel: [    4.680429] devtmpfs: mounted
Feb 25 12:04:05 raspberrypi kernel: [    4.686082] Freeing unused kernel memory: 420K (80779000 - 807e2000)
Feb 25 12:04:05 raspberrypi kernel: [    5.073679] random: systemd urandom read with 88 bits of entropy available
Feb 25 12:04:05 raspberrypi kernel: [    5.285580] NET: Registered protocol family 10
Feb 25 12:04:05 raspberrypi kernel: [    5.423151] uart-pl011 3f201000.uart: no DMA platform data
Feb 25 12:04:05 raspberrypi kernel: [    6.489096] fuse init (API version 7.23)
Feb 25 12:04:05 raspberrypi kernel: [    6.567339] i2c /dev entries driver
Feb 25 12:04:05 raspberrypi kernel: [    7.214957] random: nonblocking pool is initialized
Feb 25 12:04:05 raspberrypi kernel: [    7.629801] gpiomem-bcm2835 3f200000.gpiomem: Initialised: Registers at 0x3f200000
Feb 25 12:04:05 raspberrypi kernel: [    7.931609] EXT4-fs (mmcblk0p2): re-mounted. Opts: (null)
Feb 25 12:04:05 raspberrypi kernel: [    8.238716] usbcore: registered new interface driver rtl8192cu
Feb 25 12:04:05 raspberrypi kernel: [    9.679796] IPv6: ADDRCONF(NETDEV_UP): wlan0: link is not ready
Feb 25 12:04:05 raspberrypi kernel: [    9.813757] EXT4-fs (mmcblk0p2): resizing filesystem from 944128 to 3818496 blocks
Feb 25 12:04:05 raspberrypi kernel: [   11.021481] cfg80211: Calling CRDA to update world regulatory domain
Feb 25 12:04:05 raspberrypi kernel: [   11.204257] Adding 102396k swap on /var/swap.  Priority:-1 extents:5 across:1929212k SSFS
Feb 25 12:04:05 raspberrypi kernel: [   11.444167] cfg80211: World regulatory domain updated:
Feb 25 12:04:05 raspberrypi kernel: [   11.444196] cfg80211:  DFS Master region: unset
Feb 25 12:04:05 raspberrypi kernel: [   11.444205] cfg80211:   (start_freq - end_freq @ bandwidth), (max_antenna_gain, max_eirp), (dfs_cac_time)
Feb 25 12:04:05 raspberrypi kernel: [   11.444218] cfg80211:   (2402000 KHz - 2472000 KHz @ 40000 KHz), (N/A, 2000 mBm), (N/A)
Feb 25 12:04:05 raspberrypi kernel: [   11.444229] cfg80211:   (2457000 KHz - 2482000 KHz @ 40000 KHz), (N/A, 2000 mBm), (N/A)
Feb 25 12:04:05 raspberrypi kernel: [   11.444240] cfg80211:   (2474000 KHz - 2494000 KHz @ 20000 KHz), (N/A, 2000 mBm), (N/A)
Feb 25 12:04:05 raspberrypi kernel: [   11.444252] cfg80211:   (5170000 KHz - 5250000 KHz @ 80000 KHz, 160000 KHz AUTO), (N/A, 2000 mBm), (N/A)
Feb 25 12:04:05 raspberrypi kernel: [   11.444265] cfg80211:   (5250000 KHz - 5330000 KHz @ 80000 KHz, 160000 KHz AUTO), (N/A, 2000 mBm), (0 s)
Feb 25 12:04:05 raspberrypi kernel: [   11.444276] cfg80211:   (5490000 KHz - 5730000 KHz @ 160000 KHz), (N/A, 2000 mBm), (0 s)
Feb 25 12:04:05 raspberrypi kernel: [   11.444286] cfg80211:   (5735000 KHz - 5835000 KHz @ 80000 KHz), (N/A, 2000 mBm), (N/A)
Feb 25 12:04:05 raspberrypi kernel: [   11.444297] cfg80211:   (57240000 KHz - 63720000 KHz @ 2160000 KHz), (N/A, 0 mBm), (N/A)
Feb 25 12:04:08 raspberrypi kernel: [   16.000949] EXT4-fs (mmcblk0p2): resized filesystem to 3818496
Feb 25 12:04:47 raspberrypi org.gtk.Private.AfcVolumeMonitor[801]: Volume monitor alive
Feb 25 12:17:07 raspberrypi rsyslogd: [origin software="rsyslogd" swVersion="8.4.2" x-pid="465" x-info="http://www.rsyslog.com"] start
Feb 25 12:17:07 raspberrypi kernel: [    0.000000] Booting Linux on physical CPU 0xf00
Feb 25 12:17:07 raspberrypi kernel: [    0.000000] Initializing cgroup subsys cpuset
Feb 25 12:17:07 raspberrypi kernel: [    0.000000] Initializing cgroup subsys cpu
Feb 25 12:17:07 raspberrypi kernel: [    0.000000] Initializing cgroup subsys cpuacct
Feb 25 12:17:07 raspberrypi kernel: [    0.000000] Linux version 4.1.13-v7+ (dc4@dc4-XPS13-9333) (gcc version 4.8.3 20140303 (prerelease) (crosstool-NG linaro-1.13.1+bzr2650 - Linaro GCC 2014.03) ) #826 SMP PREEMPT Fri Nov 13 20:19:03 GMT 2015
Feb 25 12:17:07 raspberrypi kernel: [    0.000000] CPU: ARMv7 Processor [410fc075] revision 5 (ARMv7), cr=10c5387d
Feb 25 12:17:07 raspberrypi kernel: [    0.000000] CPU: PIPT / VIPT nonaliasing data cache, VIPT aliasing instruction cache
Feb 25 12:17:07 raspberrypi kernel: [    0.000000] Machine model: Raspberry Pi 2 Model B Rev 1.1
Feb 25 12:17:07 raspberrypi kernel: [    0.000000] cma: Reserved 8 MiB at 0x3a800000
Feb 25 12:17:07 raspberrypi kernel: [    0.000000] Memory policy: Data cache writealloc
Feb 25 12:17:07 raspberrypi kernel: [    0.000000] [bcm2709_smp_init_cpus] enter (9420->f3003010)
Feb 25 12:17:07 raspberrypi kernel: [    0.000000] [bcm2709_smp_init_cpus] ncores=4
Feb 25 12:17:07 raspberrypi kernel: [    0.000000] PERCPU: Embedded 13 pages/cpu @b9f64000 s20608 r8192 d24448 u53248
Feb 25 12:17:07 raspberrypi kernel: [    0.000000] Built 1 zonelists in Zone order, mobility grouping on.  Total pages: 239540
Feb 25 12:17:07 raspberrypi kernel: [    0.000000] Kernel command line: dma.dmachans=0x7f35 bcm2708_fb.fbwidth=656 bcm2708_fb.fbheight=416 bcm2709.boardrev=0xa01041 bcm2709.serial=0x2269d93b smsc95xx.macaddr=B8:27:EB:69:D9:3B bcm2708_fb.fbswap=1 bcm2709.disk_led_gpio=47 bcm2709.disk_led_active_low=0 sdhci-bcm2708.emmc_clock_freq=250000000 vc_mem.mem_base=0x3dc00000 vc_mem.mem_size=0x3f000000  dwc_otg.lpm_enable=0 console=ttyAMA0,115200 console=tty1 root=/dev/mmcblk0p2 rootfstype=ext4 elevator=deadline fsck.repair=yes rootwait ip=192.168.1.253
Feb 25 12:17:07 raspberrypi kernel: [    0.000000] PID hash table entries: 4096 (order: 2, 16384 bytes)
Feb 25 12:17:07 raspberrypi kernel: [    0.000000] Dentry cache hash table entries: 131072 (order: 7, 524288 bytes)
Feb 25 12:17:07 raspberrypi kernel: [    0.000000] Inode-cache hash table entries: 65536 (order: 6, 262144 bytes)
Feb 25 12:17:07 raspberrypi kernel: [    0.000000] Memory: 939496K/966656K available (5967K kernel code, 534K rwdata, 1652K rodata, 420K init, 757K bss, 18968K reserved, 8192K cma-reserved)
Feb 25 12:17:07 raspberrypi kernel: [    0.000000] Virtual kernel memory layout:
Feb 25 12:17:07 raspberrypi kernel: [    0.000000]     vector  : 0xffff0000 - 0xffff1000   (   4 kB)
Feb 25 12:17:07 raspberrypi kernel: [    0.000000]     fixmap  : 0xffc00000 - 0xfff00000   (3072 kB)
Feb 25 12:17:07 raspberrypi kernel: [    0.000000]     vmalloc : 0xbb800000 - 0xff000000   (1080 MB)
Feb 25 12:17:07 raspberrypi kernel: [    0.000000]     lowmem  : 0x80000000 - 0xbb000000   ( 944 MB)
Feb 25 12:17:07 raspberrypi kernel: [    0.000000]     modules : 0x7f000000 - 0x80000000   (  16 MB)
Feb 25 12:17:07 raspberrypi kernel: [    0.000000]       .text : 0x80008000 - 0x80778f64   (7620 kB)
Feb 25 12:17:07 raspberrypi kernel: [    0.000000]       .init : 0x80779000 - 0x807e2000   ( 420 kB)
Feb 25 12:17:07 raspberrypi kernel: [    0.000000]       .data : 0x807e2000 - 0x80867b6c   ( 535 kB)
Feb 25 12:17:07 raspberrypi kernel: [    0.000000]        .bss : 0x8086a000 - 0x8092779c   ( 758 kB)
Feb 25 12:17:07 raspberrypi kernel: [    0.000000] SLUB: HWalign=64, Order=0-3, MinObjects=0, CPUs=4, Nodes=1
Feb 25 12:17:07 raspberrypi kernel: [    0.000000] Preemptible hierarchical RCU implementation.
Feb 25 12:17:07 raspberrypi kernel: [    0.000000] 	Additional per-CPU info printed with stalls.
Feb 25 12:17:07 raspberrypi kernel: [    0.000000] NR_IRQS:608
Feb 25 12:17:07 raspberrypi kernel: [    0.000000] Architected cp15 timer(s) running at 19.20MHz (phys).
Feb 25 12:17:07 raspberrypi kernel: [    0.000000] clocksource arch_sys_counter: mask: 0xffffffffffffff max_cycles: 0x46d987e47, max_idle_ns: 440795202767 ns
Feb 25 12:17:07 raspberrypi kernel: [    0.000010] sched_clock: 56 bits at 19MHz, resolution 52ns, wraps every 4398046511078ns
Feb 25 12:17:07 raspberrypi kernel: [    0.000031] Switching to timer-based delay loop, resolution 52ns
Feb 25 12:17:07 raspberrypi kernel: [    0.000313] Console: colour dummy device 80x30
Feb 25 12:17:07 raspberrypi kernel: [    0.002087] console [tty1] enabled
Feb 25 12:17:07 raspberrypi kernel: [    0.002151] Calibrating delay loop (skipped), value calculated using timer frequency.. 38.40 BogoMIPS (lpj=192000)
Feb 25 12:17:07 raspberrypi kernel: [    0.002251] pid_max: default: 32768 minimum: 301
Feb 25 12:17:07 raspberrypi kernel: [    0.002625] Mount-cache hash table entries: 2048 (order: 1, 8192 bytes)
Feb 25 12:17:07 raspberrypi kernel: [    0.002692] Mountpoint-cache hash table entries: 2048 (order: 1, 8192 bytes)
Feb 25 12:17:07 raspberrypi kernel: [    0.004002] Initializing cgroup subsys blkio
Feb 25 12:17:07 raspberrypi kernel: [    0.004081] Initializing cgroup subsys memory
Feb 25 12:17:07 raspberrypi kernel: [    0.004151] Initializing cgroup subsys devices
Feb 25 12:17:07 raspberrypi kernel: [    0.004211] Initializing cgroup subsys freezer
Feb 25 12:17:07 raspberrypi kernel: [    0.004288] Initializing cgroup subsys net_cls
Feb 25 12:17:07 raspberrypi kernel: [    0.004404] CPU: Testing write buffer coherency: ok
Feb 25 12:17:07 raspberrypi kernel: [    0.004525] ftrace: allocating 20235 entries in 60 pages
Feb 25 12:17:07 raspberrypi kernel: [    0.054034] CPU0: update cpu_capacity 1024
Feb 25 12:17:07 raspberrypi kernel: [    0.054118] CPU0: thread -1, cpu 0, socket 15, mpidr 80000f00
Feb 25 12:17:07 raspberrypi kernel: [    0.054164] [bcm2709_smp_prepare_cpus] enter
Feb 25 12:17:07 raspberrypi kernel: [    0.054327] Setting up static identity map for 0x8240 - 0x8274
Feb 25 12:17:07 raspberrypi kernel: [    0.113904] [bcm2709_boot_secondary] cpu:1 started (0) 18
Feb 25 12:17:07 raspberrypi kernel: [    0.114338] [bcm2709_secondary_init] enter cpu:1
Feb 25 12:17:07 raspberrypi kernel: [    0.114393] CPU1: update cpu_capacity 1024
Feb 25 12:17:07 raspberrypi kernel: [    0.114401] CPU1: thread -1, cpu 1, socket 15, mpidr 80000f01
Feb 25 12:17:07 raspberrypi kernel: [    0.133876] [bcm2709_boot_secondary] cpu:2 started (0) 17
Feb 25 12:17:07 raspberrypi kernel: [    0.134238] [bcm2709_secondary_init] enter cpu:2
Feb 25 12:17:07 raspberrypi kernel: [    0.134271] CPU2: update cpu_capacity 1024
Feb 25 12:17:07 raspberrypi kernel: [    0.134279] CPU2: thread -1, cpu 2, socket 15, mpidr 80000f02
Feb 25 12:17:07 raspberrypi kernel: [    0.153922] [bcm2709_boot_secondary] cpu:3 started (0) 18
Feb 25 12:17:07 raspberrypi kernel: [    0.154178] [bcm2709_secondary_init] enter cpu:3
Feb 25 12:17:07 raspberrypi kernel: [    0.154208] CPU3: update cpu_capacity 1024
Feb 25 12:17:07 raspberrypi kernel: [    0.154216] CPU3: thread -1, cpu 3, socket 15, mpidr 80000f03
Feb 25 12:17:07 raspberrypi kernel: [    0.154309] Brought up 4 CPUs
Feb 25 12:17:07 raspberrypi kernel: [    0.154443] SMP: Total of 4 processors activated (153.60 BogoMIPS).
Feb 25 12:17:07 raspberrypi kernel: [    0.154485] CPU: All CPU(s) started in HYP mode.
Feb 25 12:17:07 raspberrypi kernel: [    0.154520] CPU: Virtualization extensions available.
Feb 25 12:17:07 raspberrypi kernel: [    0.155522] devtmpfs: initialized
Feb 25 12:17:07 raspberrypi kernel: [    0.179929] VFP support v0.3: implementor 41 architecture 2 part 30 variant 7 rev 5
Feb 25 12:17:07 raspberrypi kernel: [    0.180317] clocksource jiffies: mask: 0xffffffff max_cycles: 0xffffffff, max_idle_ns: 19112604462750000 ns
Feb 25 12:17:07 raspberrypi kernel: [    0.181452] pinctrl core: initialized pinctrl subsystem
Feb 25 12:17:07 raspberrypi kernel: [    0.182291] NET: Registered protocol family 16
Feb 25 12:17:07 raspberrypi kernel: [    0.188114] DMA: preallocated 4096 KiB pool for atomic coherent allocations
Feb 25 12:17:07 raspberrypi kernel: [    0.189396] bcm2709.uart_clock = 3000000
Feb 25 12:17:07 raspberrypi kernel: [    0.194249] hw-breakpoint: found 5 (+1 reserved) breakpoint and 4 watchpoint registers.
Feb 25 12:17:07 raspberrypi kernel: [    0.194321] hw-breakpoint: maximum watchpoint size is 8 bytes.
Feb 25 12:17:07 raspberrypi kernel: [    0.194544] Serial: AMBA PL011 UART driver
Feb 25 12:17:07 raspberrypi kernel: [    0.194758] 3f201000.uart: ttyAMA0 at MMIO 0x3f201000 (irq = 83, base_baud = 0) is a PL011 rev2
Feb 25 12:17:07 raspberrypi kernel: [    0.702764] console [ttyAMA0] enabled
Feb 25 12:17:07 raspberrypi kernel: [    0.707034] bcm2835-mbox 3f00b880.mailbox: mailbox enabled
Feb 25 12:17:07 raspberrypi kernel: [    0.786376] bcm2708-dmaengine 3f007000.dma: DMA legacy API manager at f3007000, dmachans=0xf35
Feb 25 12:17:07 raspberrypi kernel: [    0.795132] bcm2708-dmaengine 3f007000.dma: Initialized 7 DMA channels (+ 1 legacy)
Feb 25 12:17:07 raspberrypi kernel: [    0.803540] bcm2708-dmaengine 3f007000.dma: Load BCM2835 DMA engine driver
Feb 25 12:17:07 raspberrypi kernel: [    0.810467] bcm2708-dmaengine 3f007000.dma: dma_debug:0
Feb 25 12:17:07 raspberrypi kernel: [    0.816433] SCSI subsystem initialized
Feb 25 12:17:07 raspberrypi kernel: [    0.820449] usbcore: registered new interface driver usbfs
Feb 25 12:17:07 raspberrypi kernel: [    0.826089] usbcore: registered new interface driver hub
Feb 25 12:17:07 raspberrypi kernel: [    0.831565] usbcore: registered new device driver usb
Feb 25 12:17:07 raspberrypi kernel: [    0.837361] raspberrypi-firmware soc:firmware: Attached to firmware from 2015-11-18 15:43
Feb 25 12:17:07 raspberrypi kernel: [    0.872994] Switched to clocksource arch_sys_counter
Feb 25 12:17:07 raspberrypi kernel: [    0.927163] FS-Cache: Loaded
Feb 25 12:17:07 raspberrypi kernel: [    0.930444] CacheFiles: Loaded
Feb 25 12:17:07 raspberrypi kernel: [    0.945188] NET: Registered protocol family 2
Feb 25 12:17:07 raspberrypi kernel: [    0.950878] TCP established hash table entries: 8192 (order: 3, 32768 bytes)
Feb 25 12:17:07 raspberrypi kernel: [    0.958143] TCP bind hash table entries: 8192 (order: 4, 65536 bytes)
Feb 25 12:17:07 raspberrypi kernel: [    0.964864] TCP: Hash tables configured (established 8192 bind 8192)
Feb 25 12:17:07 raspberrypi kernel: [    0.971361] UDP hash table entries: 512 (order: 2, 16384 bytes)
Feb 25 12:17:07 raspberrypi kernel: [    0.977388] UDP-Lite hash table entries: 512 (order: 2, 16384 bytes)
Feb 25 12:17:07 raspberrypi kernel: [    0.984158] NET: Registered protocol family 1
Feb 25 12:17:07 raspberrypi kernel: [    0.988967] RPC: Registered named UNIX socket transport module.
Feb 25 12:17:07 raspberrypi kernel: [    0.995004] RPC: Registered udp transport module.
Feb 25 12:17:07 raspberrypi kernel: [    0.999730] RPC: Registered tcp transport module.
Feb 25 12:17:07 raspberrypi kernel: [    1.004475] RPC: Registered tcp NFSv4.1 backchannel transport module.
Feb 25 12:17:07 raspberrypi kernel: [    1.012126] hw perfevents: enabled with armv7_cortex_a7 PMU driver, 5 counters available
Feb 25 12:17:07 raspberrypi kernel: [    1.021744] futex hash table entries: 1024 (order: 4, 65536 bytes)
Feb 25 12:17:07 raspberrypi kernel: [    1.043942] VFS: Disk quotas dquot_6.6.0
Feb 25 12:17:07 raspberrypi kernel: [    1.048264] VFS: Dquot-cache hash table entries: 1024 (order 0, 4096 bytes)
Feb 25 12:17:07 raspberrypi kernel: [    1.057909] FS-Cache: Netfs 'nfs' registered for caching
Feb 25 12:17:07 raspberrypi kernel: [    1.064440] NFS: Registering the id_resolver key type
Feb 25 12:17:07 raspberrypi kernel: [    1.069610] Key type id_resolver registered
Feb 25 12:17:07 raspberrypi kernel: [    1.073886] Key type id_legacy registered
Feb 25 12:17:07 raspberrypi kernel: [    1.080685] Block layer SCSI generic (bsg) driver version 0.4 loaded (major 252)
Feb 25 12:17:07 raspberrypi kernel: [    1.088357] io scheduler noop registered
Feb 25 12:17:07 raspberrypi kernel: [    1.092313] io scheduler deadline registered (default)
Feb 25 12:17:07 raspberrypi kernel: [    1.097867] io scheduler cfq registered
Feb 25 12:17:07 raspberrypi kernel: [    1.104325] BCM2708FB: allocated DMA memory fac00000
Feb 25 12:17:07 raspberrypi kernel: [    1.109349] BCM2708FB: allocated DMA channel 0 @ f3007000
Feb 25 12:17:07 raspberrypi kernel: [    1.120436] Console: switching to colour frame buffer device 82x26
Feb 25 12:17:07 raspberrypi kernel: [    1.131904] Serial: 8250/16550 driver, 0 ports, IRQ sharing disabled
Feb 25 12:17:07 raspberrypi kernel: [    1.141208] vc-cma: Videocore CMA driver
Feb 25 12:17:07 raspberrypi kernel: [    1.146850] vc-cma: vc_cma_base      = 0x00000000
Feb 25 12:17:07 raspberrypi kernel: [    1.153247] vc-cma: vc_cma_size      = 0x00000000 (0 MiB)
Feb 25 12:17:07 raspberrypi kernel: [    1.160257] vc-cma: vc_cma_initial   = 0x00000000 (0 MiB)
Feb 25 12:17:07 raspberrypi kernel: [    1.167438] vc-mem: phys_addr:0x00000000 mem_base=0x3dc00000 mem_size:0x3f000000(1008 MiB)
Feb 25 12:17:07 raspberrypi kernel: [    1.194532] brd: module loaded
Feb 25 12:17:07 raspberrypi kernel: [    1.208053] loop: module loaded
Feb 25 12:17:07 raspberrypi kernel: [    1.213724] vchiq: vchiq_init_state: slot_zero = 0xbac80000, is_master = 0
Feb 25 12:17:07 raspberrypi kernel: [    1.223919] Loading iSCSI transport class v2.0-870.
Feb 25 12:17:07 raspberrypi kernel: [    1.231285] usbcore: registered new interface driver smsc95xx
Feb 25 12:17:07 raspberrypi kernel: [    1.238694] dwc_otg: version 3.00a 10-AUG-2012 (platform bus)
Feb 25 12:17:07 raspberrypi kernel: [    1.446339] Core Release: 2.80a
Feb 25 12:17:07 raspberrypi kernel: [    1.450941] Setting default values for core params
Feb 25 12:17:07 raspberrypi kernel: [    1.457274] Finished setting default values for core params
Feb 25 12:17:07 raspberrypi kernel: [    1.664785] Using Buffer DMA mode
Feb 25 12:17:07 raspberrypi kernel: [    1.669608] Periodic Transfer Interrupt Enhancement - disabled
Feb 25 12:17:07 raspberrypi kernel: [    1.677012] Multiprocessor Interrupt Enhancement - disabled
Feb 25 12:17:07 raspberrypi kernel: [    1.684192] OTG VER PARAM: 0, OTG VER FLAG: 0
Feb 25 12:17:07 raspberrypi kernel: [    1.690107] Dedicated Tx FIFOs mode
Feb 25 12:17:07 raspberrypi kernel: [    1.695484] WARN::dwc_otg_hcd_init:1047: FIQ DMA bounce buffers: virt = 0xbac14000 dma = 0xfac14000 len=9024
Feb 25 12:17:07 raspberrypi kernel: [    1.708526] FIQ FSM acceleration enabled for :
Feb 25 12:17:07 raspberrypi kernel: [    1.708526] Non-periodic Split Transactions
Feb 25 12:17:07 raspberrypi kernel: [    1.708526] Periodic Split Transactions
Feb 25 12:17:07 raspberrypi kernel: [    1.708526] High-Speed Isochronous Endpoints
Feb 25 12:17:07 raspberrypi kernel: [    1.731813] WARN::hcd_init_fiq:412: FIQ on core 1 at 0x80402c54
Feb 25 12:17:07 raspberrypi kernel: [    1.739360] WARN::hcd_init_fiq:413: FIQ ASM at 0x80402fb0 length 36
Feb 25 12:17:07 raspberrypi kernel: [    1.747262] WARN::hcd_init_fiq:438: MPHI regs_base at 0xbb89a000
Feb 25 12:17:07 raspberrypi kernel: [    1.754892] dwc_otg 3f980000.usb: DWC OTG Controller
Feb 25 12:17:07 raspberrypi kernel: [    1.761459] dwc_otg 3f980000.usb: new USB bus registered, assigned bus number 1
Feb 25 12:17:07 raspberrypi kernel: [    1.770419] dwc_otg 3f980000.usb: irq 32, io mem 0x00000000
Feb 25 12:17:07 raspberrypi kernel: [    1.777622] Init: Port Power? op_state=1
Feb 25 12:17:07 raspberrypi kernel: [    1.783101] Init: Power Port (0)
Feb 25 12:17:07 raspberrypi kernel: [    1.788120] usb usb1: New USB device found, idVendor=1d6b, idProduct=0002
Feb 25 12:17:07 raspberrypi kernel: [    1.796518] usb usb1: New USB device strings: Mfr=3, Product=2, SerialNumber=1
Feb 25 12:17:07 raspberrypi kernel: [    1.805335] usb usb1: Product: DWC OTG Controller
Feb 25 12:17:07 raspberrypi kernel: [    1.811579] usb usb1: Manufacturer: Linux 4.1.13-v7+ dwc_otg_hcd
Feb 25 12:17:07 raspberrypi kernel: [    1.819157] usb usb1: SerialNumber: 3f980000.usb
Feb 25 12:17:07 raspberrypi kernel: [    1.826196] hub 1-0:1.0: USB hub found
Feb 25 12:17:07 raspberrypi kernel: [    1.831518] hub 1-0:1.0: 1 port detected
Feb 25 12:17:07 raspberrypi kernel: [    1.837887] usbcore: registered new interface driver usb-storage
Feb 25 12:17:07 raspberrypi kernel: [    1.845666] mousedev: PS/2 mouse device common for all mice
Feb 25 12:17:07 raspberrypi kernel: [    1.853590] bcm2835-cpufreq: min=600000 max=900000
Feb 25 12:17:07 raspberrypi kernel: [    1.860216] sdhci: Secure Digital Host Controller Interface driver
Feb 25 12:17:07 raspberrypi kernel: [    1.867948] sdhci: Copyright(c) Pierre Ossman
Feb 25 12:17:07 raspberrypi kernel: [    1.874296] mmc-bcm2835 3f300000.mmc: mmc_debug:0 mmc_debug2:0
Feb 25 12:17:07 raspberrypi kernel: [    1.881674] mmc-bcm2835 3f300000.mmc: DMA channels allocated
Feb 25 12:17:07 raspberrypi kernel: [    1.923392] sdhci-pltfm: SDHCI platform and OF driver helper
Feb 25 12:17:07 raspberrypi kernel: [    1.933360] ledtrig-cpu: registered to indicate activity on CPUs
Feb 25 12:17:07 raspberrypi kernel: [    1.941132] hidraw: raw HID events driver (C) Jiri Kosina
Feb 25 12:17:07 raspberrypi kernel: [    1.948350] usbcore: registered new interface driver usbhid
Feb 25 12:17:07 raspberrypi kernel: [    1.955508] usbhid: USB HID core driver
Feb 25 12:17:07 raspberrypi kernel: [    1.961195] Initializing XFRM netlink socket
Feb 25 12:17:07 raspberrypi kernel: [    1.967073] NET: Registered protocol family 17
Feb 25 12:17:07 raspberrypi kernel: [    1.970866] mmc0: host does not support reading read-only switch, assuming write-enable
Feb 25 12:17:07 raspberrypi kernel: [    1.973029] mmc0: new high speed SDHC card at address 1234
Feb 25 12:17:07 raspberrypi kernel: [    1.973627] mmcblk0: mmc0:1234 SA16G 14.6 GiB 
Feb 25 12:17:07 raspberrypi kernel: [    1.986084]  mmcblk0: p1 p2
Feb 25 12:17:07 raspberrypi kernel: [    2.001865] Key type dns_resolver registered
Feb 25 12:17:07 raspberrypi kernel: [    2.008298] Registering SWP/SWPB emulation handler
Feb 25 12:17:07 raspberrypi kernel: [    2.015684] registered taskstats version 1
Feb 25 12:17:07 raspberrypi kernel: [    2.021639] vc-sm: Videocore shared memory driver
Feb 25 12:17:07 raspberrypi kernel: [    2.027955] [vc_sm_connected_init]: start
Feb 25 12:17:07 raspberrypi kernel: [    2.033657] Indeed it is in host mode hprt0 = 00021501
Feb 25 12:17:07 raspberrypi kernel: [    2.053582] [vc_sm_connected_init]: end - returning 0
Feb 25 12:17:07 raspberrypi kernel: [    2.213044] usb 1-1: new high-speed USB device number 2 using dwc_otg
Feb 25 12:17:07 raspberrypi kernel: [    2.221295] Indeed it is in host mode hprt0 = 00001101
Feb 25 12:17:07 raspberrypi kernel: [    2.423383] usb 1-1: New USB device found, idVendor=0424, idProduct=9514
Feb 25 12:17:07 raspberrypi kernel: [    2.431756] usb 1-1: New USB device strings: Mfr=0, Product=0, SerialNumber=0
Feb 25 12:17:07 raspberrypi kernel: [    2.441417] hub 1-1:1.0: USB hub found
Feb 25 12:17:07 raspberrypi kernel: [    2.446943] hub 1-1:1.0: 5 ports detected
Feb 25 12:17:07 raspberrypi kernel: [    2.733034] usb 1-1.1: new high-speed USB device number 3 using dwc_otg
Feb 25 12:17:07 raspberrypi kernel: [    2.853354] usb 1-1.1: New USB device found, idVendor=0424, idProduct=ec00
Feb 25 12:17:07 raspberrypi kernel: [    2.861909] usb 1-1.1: New USB device strings: Mfr=0, Product=0, SerialNumber=0
Feb 25 12:17:07 raspberrypi kernel: [    2.873688] smsc95xx v1.0.4
Feb 25 12:17:07 raspberrypi kernel: [    2.937171] smsc95xx 1-1.1:1.0 eth0: register 'smsc95xx' at usb-3f980000.usb-1.1, smsc95xx USB 2.0 Ethernet, b8:27:eb:69:d9:3b
Feb 25 12:17:07 raspberrypi kernel: [    3.043034] usb 1-1.2: new high-speed USB device number 4 using dwc_otg
Feb 25 12:17:07 raspberrypi kernel: [    3.125673] smsc95xx 1-1.1:1.0 eth0: hardware isn't capable of remote wakeup
Feb 25 12:17:07 raspberrypi kernel: [    3.164579] usb 1-1.2: New USB device found, idVendor=0bda, idProduct=8176
Feb 25 12:17:07 raspberrypi kernel: [    3.173284] usb 1-1.2: New USB device strings: Mfr=1, Product=2, SerialNumber=3
Feb 25 12:17:07 raspberrypi kernel: [    3.182399] usb 1-1.2: Product: 802.11n WLAN Adapter
Feb 25 12:17:07 raspberrypi kernel: [    3.189173] usb 1-1.2: Manufacturer: Realtek
Feb 25 12:17:07 raspberrypi kernel: [    3.195230] usb 1-1.2: SerialNumber: 00e04c000001
Feb 25 12:17:07 raspberrypi kernel: [    4.561788] smsc95xx 1-1.1:1.0 eth0: link up, 100Mbps, full-duplex, lpa 0x45E1
Feb 25 12:17:07 raspberrypi kernel: [    4.593043] IP-Config: Guessing netmask 255.255.255.0
Feb 25 12:17:07 raspberrypi kernel: [    4.600158] IP-Config: Complete:
Feb 25 12:17:07 raspberrypi kernel: [    4.605173]      device=eth0, hwaddr=b8:27:eb:69:d9:3b, ipaddr=192.168.1.253, mask=255.255.255.0, gw=255.255.255.255
Feb 25 12:17:07 raspberrypi kernel: [    4.619288]      host=192.168.1.253, domain=, nis-domain=(none)
Feb 25 12:17:07 raspberrypi kernel: [    4.627095]      bootserver=255.255.255.255, rootserver=255.255.255.255, rootpath=
Feb 25 12:17:07 raspberrypi kernel: [    4.643203] EXT4-fs (mmcblk0p2): INFO: recovery required on readonly filesystem
Feb 25 12:17:07 raspberrypi kernel: [    4.652506] EXT4-fs (mmcblk0p2): write access will be enabled during recovery
Feb 25 12:17:07 raspberrypi kernel: [   13.773842] EXT4-fs (mmcblk0p2): orphan cleanup on readonly fs
Feb 25 12:17:07 raspberrypi kernel: [   13.782107] EXT4-fs (mmcblk0p2): 1 orphan inode deleted
Feb 25 12:17:07 raspberrypi kernel: [   13.789317] EXT4-fs (mmcblk0p2): recovery complete
Feb 25 12:17:07 raspberrypi kernel: [   14.711024] random: nonblocking pool is initialized
Feb 25 12:17:07 raspberrypi kernel: [   18.161352] EXT4-fs (mmcblk0p2): mounted filesystem with ordered data mode. Opts: (null)
Feb 25 12:17:07 raspberrypi kernel: [   18.173092] VFS: Mounted root (ext4 filesystem) readonly on device 179:2.
Feb 25 12:17:07 raspberrypi kernel: [   18.183316] devtmpfs: mounted
Feb 25 12:17:07 raspberrypi kernel: [   18.188824] Freeing unused kernel memory: 420K (80779000 - 807e2000)
Feb 25 12:17:07 raspberrypi kernel: [   18.785601] NET: Registered protocol family 10
Feb 25 12:17:07 raspberrypi kernel: [   18.926340] uart-pl011 3f201000.uart: no DMA platform data
Feb 25 12:17:07 raspberrypi kernel: [   20.053986] fuse init (API version 7.23)
Feb 25 12:17:07 raspberrypi kernel: [   20.124625] i2c /dev entries driver
Feb 25 12:17:07 raspberrypi kernel: [   21.144980] gpiomem-bcm2835 3f200000.gpiomem: Initialised: Registers at 0x3f200000
Feb 25 12:17:07 raspberrypi kernel: [   21.375921] EXT4-fs (mmcblk0p2): re-mounted. Opts: (null)
Feb 25 12:17:07 raspberrypi kernel: [   21.753154] usbcore: registered new interface driver rtl8192cu
Feb 25 12:17:07 raspberrypi kernel: [   23.309834] IPv6: ADDRCONF(NETDEV_UP): wlan0: link is not ready
Feb 25 12:17:07 raspberrypi kernel: [   23.673205] cfg80211: Calling CRDA to update world regulatory domain
Feb 25 12:17:07 raspberrypi kernel: [   23.866303] Adding 102396k swap on /var/swap.  Priority:-1 extents:5 across:1929212k SSFS
Feb 25 12:17:07 raspberrypi kernel: [   24.094140] cfg80211: World regulatory domain updated:
Feb 25 12:17:07 raspberrypi kernel: [   24.094169] cfg80211:  DFS Master region: unset
Feb 25 12:17:07 raspberrypi kernel: [   24.094179] cfg80211:   (start_freq - end_freq @ bandwidth), (max_antenna_gain, max_eirp), (dfs_cac_time)
Feb 25 12:17:07 raspberrypi kernel: [   24.094192] cfg80211:   (2402000 KHz - 2472000 KHz @ 40000 KHz), (N/A, 2000 mBm), (N/A)
Feb 25 12:17:07 raspberrypi kernel: [   24.094204] cfg80211:   (2457000 KHz - 2482000 KHz @ 40000 KHz), (N/A, 2000 mBm), (N/A)
Feb 25 12:17:07 raspberrypi kernel: [   24.094216] cfg80211:   (2474000 KHz - 2494000 KHz @ 20000 KHz), (N/A, 2000 mBm), (N/A)
Feb 25 12:17:07 raspberrypi kernel: [   24.094228] cfg80211:   (5170000 KHz - 5250000 KHz @ 80000 KHz, 160000 KHz AUTO), (N/A, 2000 mBm), (N/A)
Feb 25 12:17:07 raspberrypi kernel: [   24.094241] cfg80211:   (5250000 KHz - 5330000 KHz @ 80000 KHz, 160000 KHz AUTO), (N/A, 2000 mBm), (0 s)
Feb 25 12:17:07 raspberrypi kernel: [   24.094252] cfg80211:   (5490000 KHz - 5730000 KHz @ 160000 KHz), (N/A, 2000 mBm), (0 s)
Feb 25 12:17:07 raspberrypi kernel: [   24.094262] cfg80211:   (5735000 KHz - 5835000 KHz @ 80000 KHz), (N/A, 2000 mBm), (N/A)
Feb 25 12:17:07 raspberrypi kernel: [   24.094273] cfg80211:   (57240000 KHz - 63720000 KHz @ 2160000 KHz), (N/A, 0 mBm), (N/A)
Feb 26 11:17:54 raspberrypi org.gtk.Private.AfcVolumeMonitor[706]: Volume monitor alive
Feb 26 15:44:28 raspberrypi rsyslogd: [origin software="rsyslogd" swVersion="8.4.2" x-pid="465" x-info="http://www.rsyslog.com"] exiting on signal 15.
Feb 26 15:44:35 raspberrypi rsyslogd: [origin software="rsyslogd" swVersion="8.4.2" x-pid="452" x-info="http://www.rsyslog.com"] start
Feb 26 15:44:35 raspberrypi kernel: [    0.000000] Booting Linux on physical CPU 0xf00
Feb 26 15:44:35 raspberrypi kernel: [    0.000000] Initializing cgroup subsys cpuset
Feb 26 15:44:35 raspberrypi kernel: [    0.000000] Initializing cgroup subsys cpu
Feb 26 15:44:35 raspberrypi kernel: [    0.000000] Initializing cgroup subsys cpuacct
Feb 26 15:44:35 raspberrypi kernel: [    0.000000] Linux version 4.1.13-v7+ (dc4@dc4-XPS13-9333) (gcc version 4.8.3 20140303 (prerelease) (crosstool-NG linaro-1.13.1+bzr2650 - Linaro GCC 2014.03) ) #826 SMP PREEMPT Fri Nov 13 20:19:03 GMT 2015
Feb 26 15:44:35 raspberrypi kernel: [    0.000000] CPU: ARMv7 Processor [410fc075] revision 5 (ARMv7), cr=10c5387d
Feb 26 15:44:35 raspberrypi kernel: [    0.000000] CPU: PIPT / VIPT nonaliasing data cache, VIPT aliasing instruction cache
Feb 26 15:44:35 raspberrypi kernel: [    0.000000] Machine model: Raspberry Pi 2 Model B Rev 1.1
Feb 26 15:44:35 raspberrypi kernel: [    0.000000] cma: Reserved 8 MiB at 0x3a800000
Feb 26 15:44:35 raspberrypi kernel: [    0.000000] Memory policy: Data cache writealloc
Feb 26 15:44:35 raspberrypi kernel: [    0.000000] [bcm2709_smp_init_cpus] enter (9420->f3003010)
Feb 26 15:44:35 raspberrypi kernel: [    0.000000] [bcm2709_smp_init_cpus] ncores=4
Feb 26 15:44:35 raspberrypi kernel: [    0.000000] PERCPU: Embedded 13 pages/cpu @b9f64000 s20608 r8192 d24448 u53248
Feb 26 15:44:35 raspberrypi kernel: [    0.000000] Built 1 zonelists in Zone order, mobility grouping on.  Total pages: 239540
Feb 26 15:44:35 raspberrypi kernel: [    0.000000] Kernel command line: dma.dmachans=0x7f35 bcm2708_fb.fbwidth=656 bcm2708_fb.fbheight=416 bcm2709.boardrev=0xa01041 bcm2709.serial=0x2269d93b smsc95xx.macaddr=B8:27:EB:69:D9:3B bcm2708_fb.fbswap=1 bcm2709.disk_led_gpio=47 bcm2709.disk_led_active_low=0 sdhci-bcm2708.emmc_clock_freq=250000000 vc_mem.mem_base=0x3dc00000 vc_mem.mem_size=0x3f000000  dwc_otg.lpm_enable=0 console=ttyAMA0,115200 console=tty1 root=/dev/mmcblk0p2 rootfstype=ext4 elevator=deadline fsck.repair=yes rootwait ip=192.168.1.253
Feb 26 15:44:35 raspberrypi kernel: [    0.000000] PID hash table entries: 4096 (order: 2, 16384 bytes)
Feb 26 15:44:35 raspberrypi kernel: [    0.000000] Dentry cache hash table entries: 131072 (order: 7, 524288 bytes)
Feb 26 15:44:35 raspberrypi kernel: [    0.000000] Inode-cache hash table entries: 65536 (order: 6, 262144 bytes)
Feb 26 15:44:35 raspberrypi kernel: [    0.000000] Memory: 939496K/966656K available (5967K kernel code, 534K rwdata, 1652K rodata, 420K init, 757K bss, 18968K reserved, 8192K cma-reserved)
Feb 26 15:44:35 raspberrypi kernel: [    0.000000] Virtual kernel memory layout:
Feb 26 15:44:35 raspberrypi kernel: [    0.000000]     vector  : 0xffff0000 - 0xffff1000   (   4 kB)
Feb 26 15:44:35 raspberrypi kernel: [    0.000000]     fixmap  : 0xffc00000 - 0xfff00000   (3072 kB)
Feb 26 15:44:35 raspberrypi kernel: [    0.000000]     vmalloc : 0xbb800000 - 0xff000000   (1080 MB)
Feb 26 15:44:35 raspberrypi kernel: [    0.000000]     lowmem  : 0x80000000 - 0xbb000000   ( 944 MB)
Feb 26 15:44:35 raspberrypi kernel: [    0.000000]     modules : 0x7f000000 - 0x80000000   (  16 MB)
Feb 26 15:44:35 raspberrypi kernel: [    0.000000]       .text : 0x80008000 - 0x80778f64   (7620 kB)
Feb 26 15:44:35 raspberrypi kernel: [    0.000000]       .init : 0x80779000 - 0x807e2000   ( 420 kB)
Feb 26 15:44:35 raspberrypi kernel: [    0.000000]       .data : 0x807e2000 - 0x80867b6c   ( 535 kB)
Feb 26 15:44:35 raspberrypi kernel: [    0.000000]        .bss : 0x8086a000 - 0x8092779c   ( 758 kB)
Feb 26 15:44:35 raspberrypi kernel: [    0.000000] SLUB: HWalign=64, Order=0-3, MinObjects=0, CPUs=4, Nodes=1
Feb 26 15:44:35 raspberrypi kernel: [    0.000000] Preemptible hierarchical RCU implementation.
Feb 26 15:44:35 raspberrypi kernel: [    0.000000] 	Additional per-CPU info printed with stalls.
Feb 26 15:44:35 raspberrypi kernel: [    0.000000] NR_IRQS:608
Feb 26 15:44:35 raspberrypi kernel: [    0.000000] Architected cp15 timer(s) running at 19.20MHz (phys).
Feb 26 15:44:35 raspberrypi kernel: [    0.000000] clocksource arch_sys_counter: mask: 0xffffffffffffff max_cycles: 0x46d987e47, max_idle_ns: 440795202767 ns
Feb 26 15:44:35 raspberrypi kernel: [    0.000010] sched_clock: 56 bits at 19MHz, resolution 52ns, wraps every 4398046511078ns
Feb 26 15:44:35 raspberrypi kernel: [    0.000032] Switching to timer-based delay loop, resolution 52ns
Feb 26 15:44:35 raspberrypi kernel: [    0.000316] Console: colour dummy device 80x30
Feb 26 15:44:35 raspberrypi kernel: [    0.002088] console [tty1] enabled
Feb 26 15:44:35 raspberrypi kernel: [    0.002153] Calibrating delay loop (skipped), value calculated using timer frequency.. 38.40 BogoMIPS (lpj=192000)
Feb 26 15:44:35 raspberrypi kernel: [    0.002253] pid_max: default: 32768 minimum: 301
Feb 26 15:44:35 raspberrypi kernel: [    0.002626] Mount-cache hash table entries: 2048 (order: 1, 8192 bytes)
Feb 26 15:44:35 raspberrypi kernel: [    0.002695] Mountpoint-cache hash table entries: 2048 (order: 1, 8192 bytes)
Feb 26 15:44:35 raspberrypi kernel: [    0.003993] Initializing cgroup subsys blkio
Feb 26 15:44:35 raspberrypi kernel: [    0.004076] Initializing cgroup subsys memory
Feb 26 15:44:35 raspberrypi kernel: [    0.004145] Initializing cgroup subsys devices
Feb 26 15:44:35 raspberrypi kernel: [    0.004204] Initializing cgroup subsys freezer
Feb 26 15:44:35 raspberrypi kernel: [    0.004280] Initializing cgroup subsys net_cls
Feb 26 15:44:35 raspberrypi kernel: [    0.004395] CPU: Testing write buffer coherency: ok
Feb 26 15:44:35 raspberrypi kernel: [    0.004516] ftrace: allocating 20235 entries in 60 pages
Feb 26 15:44:35 raspberrypi kernel: [    0.054075] CPU0: update cpu_capacity 1024
Feb 26 15:44:35 raspberrypi kernel: [    0.054159] CPU0: thread -1, cpu 0, socket 15, mpidr 80000f00
Feb 26 15:44:35 raspberrypi kernel: [    0.054206] [bcm2709_smp_prepare_cpus] enter
Feb 26 15:44:35 raspberrypi kernel: [    0.054369] Setting up static identity map for 0x8240 - 0x8274
Feb 26 15:44:35 raspberrypi kernel: [    0.113926] [bcm2709_boot_secondary] cpu:1 started (0) 18
Feb 26 15:44:35 raspberrypi kernel: [    0.114357] [bcm2709_secondary_init] enter cpu:1
Feb 26 15:44:35 raspberrypi kernel: [    0.114413] CPU1: update cpu_capacity 1024
Feb 26 15:44:35 raspberrypi kernel: [    0.114421] CPU1: thread -1, cpu 1, socket 15, mpidr 80000f01
Feb 26 15:44:35 raspberrypi kernel: [    0.133891] [bcm2709_boot_secondary] cpu:2 started (0) 18
Feb 26 15:44:35 raspberrypi kernel: [    0.134249] [bcm2709_secondary_init] enter cpu:2
Feb 26 15:44:35 raspberrypi kernel: [    0.134281] CPU2: update cpu_capacity 1024
Feb 26 15:44:35 raspberrypi kernel: [    0.134289] CPU2: thread -1, cpu 2, socket 15, mpidr 80000f02
Feb 26 15:44:35 raspberrypi kernel: [    0.153933] [bcm2709_boot_secondary] cpu:3 started (0) 17
Feb 26 15:44:35 raspberrypi kernel: [    0.154188] [bcm2709_secondary_init] enter cpu:3
Feb 26 15:44:35 raspberrypi kernel: [    0.154217] CPU3: update cpu_capacity 1024
Feb 26 15:44:35 raspberrypi kernel: [    0.154226] CPU3: thread -1, cpu 3, socket 15, mpidr 80000f03
Feb 26 15:44:35 raspberrypi kernel: [    0.154322] Brought up 4 CPUs
Feb 26 15:44:35 raspberrypi kernel: [    0.154455] SMP: Total of 4 processors activated (153.60 BogoMIPS).
Feb 26 15:44:35 raspberrypi kernel: [    0.154497] CPU: All CPU(s) started in HYP mode.
Feb 26 15:44:35 raspberrypi kernel: [    0.154533] CPU: Virtualization extensions available.
Feb 26 15:44:35 raspberrypi kernel: [    0.155562] devtmpfs: initialized
Feb 26 15:44:35 raspberrypi kernel: [    0.179989] VFP support v0.3: implementor 41 architecture 2 part 30 variant 7 rev 5
Feb 26 15:44:35 raspberrypi kernel: [    0.180376] clocksource jiffies: mask: 0xffffffff max_cycles: 0xffffffff, max_idle_ns: 19112604462750000 ns
Feb 26 15:44:35 raspberrypi kernel: [    0.181505] pinctrl core: initialized pinctrl subsystem
Feb 26 15:44:35 raspberrypi kernel: [    0.182348] NET: Registered protocol family 16
Feb 26 15:44:35 raspberrypi kernel: [    0.188173] DMA: preallocated 4096 KiB pool for atomic coherent allocations
Feb 26 15:44:35 raspberrypi kernel: [    0.189460] bcm2709.uart_clock = 3000000
Feb 26 15:44:35 raspberrypi kernel: [    0.194293] hw-breakpoint: found 5 (+1 reserved) breakpoint and 4 watchpoint registers.
Feb 26 15:44:35 raspberrypi kernel: [    0.194365] hw-breakpoint: maximum watchpoint size is 8 bytes.
Feb 26 15:44:35 raspberrypi kernel: [    0.194584] Serial: AMBA PL011 UART driver
Feb 26 15:44:35 raspberrypi kernel: [    0.194798] 3f201000.uart: ttyAMA0 at MMIO 0x3f201000 (irq = 83, base_baud = 0) is a PL011 rev2
Feb 26 15:44:35 raspberrypi kernel: [    0.702804] console [ttyAMA0] enabled
Feb 26 15:44:35 raspberrypi kernel: [    0.707070] bcm2835-mbox 3f00b880.mailbox: mailbox enabled
Feb 26 15:44:35 raspberrypi kernel: [    0.786394] bcm2708-dmaengine 3f007000.dma: DMA legacy API manager at f3007000, dmachans=0xf35
Feb 26 15:44:35 raspberrypi kernel: [    0.795151] bcm2708-dmaengine 3f007000.dma: Initialized 7 DMA channels (+ 1 legacy)
Feb 26 15:44:35 raspberrypi kernel: [    0.803560] bcm2708-dmaengine 3f007000.dma: Load BCM2835 DMA engine driver
Feb 26 15:44:35 raspberrypi kernel: [    0.810486] bcm2708-dmaengine 3f007000.dma: dma_debug:0
Feb 26 15:44:35 raspberrypi kernel: [    0.816455] SCSI subsystem initialized
Feb 26 15:44:35 raspberrypi kernel: [    0.820474] usbcore: registered new interface driver usbfs
Feb 26 15:44:35 raspberrypi kernel: [    0.826112] usbcore: registered new interface driver hub
Feb 26 15:44:35 raspberrypi kernel: [    0.831597] usbcore: registered new device driver usb
Feb 26 15:44:35 raspberrypi kernel: [    0.837375] raspberrypi-firmware soc:firmware: Attached to firmware from 2015-11-18 15:43
Feb 26 15:44:35 raspberrypi kernel: [    0.872974] Switched to clocksource arch_sys_counter
Feb 26 15:44:35 raspberrypi kernel: [    0.927158] FS-Cache: Loaded
Feb 26 15:44:35 raspberrypi kernel: [    0.930448] CacheFiles: Loaded
Feb 26 15:44:35 raspberrypi kernel: [    0.945201] NET: Registered protocol family 2
Feb 26 15:44:35 raspberrypi kernel: [    0.950896] TCP established hash table entries: 8192 (order: 3, 32768 bytes)
Feb 26 15:44:35 raspberrypi kernel: [    0.958160] TCP bind hash table entries: 8192 (order: 4, 65536 bytes)
Feb 26 15:44:35 raspberrypi kernel: [    0.964873] TCP: Hash tables configured (established 8192 bind 8192)
Feb 26 15:44:35 raspberrypi kernel: [    0.971361] UDP hash table entries: 512 (order: 2, 16384 bytes)
Feb 26 15:44:35 raspberrypi kernel: [    0.977388] UDP-Lite hash table entries: 512 (order: 2, 16384 bytes)
Feb 26 15:44:35 raspberrypi kernel: [    0.984155] NET: Registered protocol family 1
Feb 26 15:44:35 raspberrypi kernel: [    0.988962] RPC: Registered named UNIX socket transport module.
Feb 26 15:44:35 raspberrypi kernel: [    0.994980] RPC: Registered udp transport module.
Feb 26 15:44:35 raspberrypi kernel: [    0.999710] RPC: Registered tcp transport module.
Feb 26 15:44:35 raspberrypi kernel: [    1.004468] RPC: Registered tcp NFSv4.1 backchannel transport module.
Feb 26 15:44:35 raspberrypi kernel: [    1.012202] hw perfevents: enabled with armv7_cortex_a7 PMU driver, 5 counters available
Feb 26 15:44:35 raspberrypi kernel: [    1.021809] futex hash table entries: 1024 (order: 4, 65536 bytes)
Feb 26 15:44:35 raspberrypi kernel: [    1.043793] VFS: Disk quotas dquot_6.6.0
Feb 26 15:44:35 raspberrypi kernel: [    1.048126] VFS: Dquot-cache hash table entries: 1024 (order 0, 4096 bytes)
Feb 26 15:44:35 raspberrypi kernel: [    1.057767] FS-Cache: Netfs 'nfs' registered for caching
Feb 26 15:44:35 raspberrypi kernel: [    1.064305] NFS: Registering the id_resolver key type
Feb 26 15:44:35 raspberrypi kernel: [    1.069456] Key type id_resolver registered
Feb 26 15:44:35 raspberrypi kernel: [    1.073698] Key type id_legacy registered
Feb 26 15:44:35 raspberrypi kernel: [    1.080506] Block layer SCSI generic (bsg) driver version 0.4 loaded (major 252)
Feb 26 15:44:35 raspberrypi kernel: [    1.088175] io scheduler noop registered
Feb 26 15:44:35 raspberrypi kernel: [    1.092131] io scheduler deadline registered (default)
Feb 26 15:44:35 raspberrypi kernel: [    1.097634] io scheduler cfq registered
Feb 26 15:44:35 raspberrypi kernel: [    1.104112] BCM2708FB: allocated DMA memory fac00000
Feb 26 15:44:35 raspberrypi kernel: [    1.109136] BCM2708FB: allocated DMA channel 0 @ f3007000
Feb 26 15:44:35 raspberrypi kernel: [    1.120217] Console: switching to colour frame buffer device 82x26
Feb 26 15:44:35 raspberrypi kernel: [    1.131719] Serial: 8250/16550 driver, 0 ports, IRQ sharing disabled
Feb 26 15:44:35 raspberrypi kernel: [    1.141031] vc-cma: Videocore CMA driver
Feb 26 15:44:35 raspberrypi kernel: [    1.146675] vc-cma: vc_cma_base      = 0x00000000
Feb 26 15:44:35 raspberrypi kernel: [    1.153072] vc-cma: vc_cma_size      = 0x00000000 (0 MiB)
Feb 26 15:44:35 raspberrypi kernel: [    1.160083] vc-cma: vc_cma_initial   = 0x00000000 (0 MiB)
Feb 26 15:44:35 raspberrypi kernel: [    1.167265] vc-mem: phys_addr:0x00000000 mem_base=0x3dc00000 mem_size:0x3f000000(1008 MiB)
Feb 26 15:44:35 raspberrypi kernel: [    1.194380] brd: module loaded
Feb 26 15:44:35 raspberrypi kernel: [    1.207966] loop: module loaded
Feb 26 15:44:35 raspberrypi kernel: [    1.213641] vchiq: vchiq_init_state: slot_zero = 0xbac80000, is_master = 0
Feb 26 15:44:35 raspberrypi kernel: [    1.223851] Loading iSCSI transport class v2.0-870.
Feb 26 15:44:35 raspberrypi kernel: [    1.231170] usbcore: registered new interface driver smsc95xx
Feb 26 15:44:35 raspberrypi kernel: [    1.238584] dwc_otg: version 3.00a 10-AUG-2012 (platform bus)
Feb 26 15:44:35 raspberrypi kernel: [    1.446235] Core Release: 2.80a
Feb 26 15:44:35 raspberrypi kernel: [    1.450838] Setting default values for core params
Feb 26 15:44:35 raspberrypi kernel: [    1.457178] Finished setting default values for core params
Feb 26 15:44:35 raspberrypi kernel: [    1.664687] Using Buffer DMA mode
Feb 26 15:44:35 raspberrypi kernel: [    1.669508] Periodic Transfer Interrupt Enhancement - disabled
Feb 26 15:44:35 raspberrypi kernel: [    1.676911] Multiprocessor Interrupt Enhancement - disabled
Feb 26 15:44:35 raspberrypi kernel: [    1.684091] OTG VER PARAM: 0, OTG VER FLAG: 0
Feb 26 15:44:35 raspberrypi kernel: [    1.690006] Dedicated Tx FIFOs mode
Feb 26 15:44:35 raspberrypi kernel: [    1.695350] WARN::dwc_otg_hcd_init:1047: FIQ DMA bounce buffers: virt = 0xbac14000 dma = 0xfac14000 len=9024
Feb 26 15:44:35 raspberrypi kernel: [    1.708387] FIQ FSM acceleration enabled for :
Feb 26 15:44:35 raspberrypi kernel: [    1.708387] Non-periodic Split Transactions
Feb 26 15:44:35 raspberrypi kernel: [    1.708387] Periodic Split Transactions
Feb 26 15:44:35 raspberrypi kernel: [    1.708387] High-Speed Isochronous Endpoints
Feb 26 15:44:35 raspberrypi kernel: [    1.731680] WARN::hcd_init_fiq:412: FIQ on core 1 at 0x80402c54
Feb 26 15:44:35 raspberrypi kernel: [    1.739224] WARN::hcd_init_fiq:413: FIQ ASM at 0x80402fb0 length 36
Feb 26 15:44:35 raspberrypi kernel: [    1.747124] WARN::hcd_init_fiq:438: MPHI regs_base at 0xbb89a000
Feb 26 15:44:35 raspberrypi kernel: [    1.754749] dwc_otg 3f980000.usb: DWC OTG Controller
Feb 26 15:44:35 raspberrypi kernel: [    1.761334] dwc_otg 3f980000.usb: new USB bus registered, assigned bus number 1
Feb 26 15:44:35 raspberrypi kernel: [    1.770295] dwc_otg 3f980000.usb: irq 32, io mem 0x00000000
Feb 26 15:44:35 raspberrypi kernel: [    1.777497] Init: Port Power? op_state=1
Feb 26 15:44:35 raspberrypi kernel: [    1.782974] Init: Power Port (0)
Feb 26 15:44:35 raspberrypi kernel: [    1.787990] usb usb1: New USB device found, idVendor=1d6b, idProduct=0002
Feb 26 15:44:35 raspberrypi kernel: [    1.796387] usb usb1: New USB device strings: Mfr=3, Product=2, SerialNumber=1
Feb 26 15:44:35 raspberrypi kernel: [    1.805203] usb usb1: Product: DWC OTG Controller
Feb 26 15:44:35 raspberrypi kernel: [    1.811446] usb usb1: Manufacturer: Linux 4.1.13-v7+ dwc_otg_hcd
Feb 26 15:44:35 raspberrypi kernel: [    1.819025] usb usb1: SerialNumber: 3f980000.usb
Feb 26 15:44:35 raspberrypi kernel: [    1.826065] hub 1-0:1.0: USB hub found
Feb 26 15:44:35 raspberrypi kernel: [    1.831384] hub 1-0:1.0: 1 port detected
Feb 26 15:44:35 raspberrypi kernel: [    1.837766] usbcore: registered new interface driver usb-storage
Feb 26 15:44:35 raspberrypi kernel: [    1.845530] mousedev: PS/2 mouse device common for all mice
Feb 26 15:44:35 raspberrypi kernel: [    1.853456] bcm2835-cpufreq: min=600000 max=900000
Feb 26 15:44:35 raspberrypi kernel: [    1.860069] sdhci: Secure Digital Host Controller Interface driver
Feb 26 15:44:35 raspberrypi kernel: [    1.867798] sdhci: Copyright(c) Pierre Ossman
Feb 26 15:44:35 raspberrypi kernel: [    1.874147] mmc-bcm2835 3f300000.mmc: mmc_debug:0 mmc_debug2:0
Feb 26 15:44:35 raspberrypi kernel: [    1.881525] mmc-bcm2835 3f300000.mmc: DMA channels allocated
Feb 26 15:44:35 raspberrypi kernel: [    1.923372] sdhci-pltfm: SDHCI platform and OF driver helper
Feb 26 15:44:35 raspberrypi kernel: [    1.933332] ledtrig-cpu: registered to indicate activity on CPUs
Feb 26 15:44:35 raspberrypi kernel: [    1.941103] hidraw: raw HID events driver (C) Jiri Kosina
Feb 26 15:44:35 raspberrypi kernel: [    1.948314] usbcore: registered new interface driver usbhid
Feb 26 15:44:35 raspberrypi kernel: [    1.955467] usbhid: USB HID core driver
Feb 26 15:44:35 raspberrypi kernel: [    1.961163] Initializing XFRM netlink socket
Feb 26 15:44:35 raspberrypi kernel: [    1.967037] NET: Registered protocol family 17
Feb 26 15:44:35 raspberrypi kernel: [    1.970833] mmc0: host does not support reading read-only switch, assuming write-enable
Feb 26 15:44:35 raspberrypi kernel: [    1.973027] mmc0: new high speed SDHC card at address 1234
Feb 26 15:44:35 raspberrypi kernel: [    1.973633] mmcblk0: mmc0:1234 SA16G 14.6 GiB 
Feb 26 15:44:35 raspberrypi kernel: [    1.985988]  mmcblk0: p1 p2
Feb 26 15:44:35 raspberrypi kernel: [    2.001842] Key type dns_resolver registered
Feb 26 15:44:35 raspberrypi kernel: [    2.008275] Registering SWP/SWPB emulation handler
Feb 26 15:44:35 raspberrypi kernel: [    2.015664] registered taskstats version 1
Feb 26 15:44:35 raspberrypi kernel: [    2.021636] vc-sm: Videocore shared memory driver
Feb 26 15:44:35 raspberrypi kernel: [    2.027951] [vc_sm_connected_init]: start
Feb 26 15:44:35 raspberrypi kernel: [    2.033654] Indeed it is in host mode hprt0 = 00021501
Feb 26 15:44:35 raspberrypi kernel: [    2.053560] [vc_sm_connected_init]: end - returning 0
Feb 26 15:44:35 raspberrypi kernel: [    2.213017] usb 1-1: new high-speed USB device number 2 using dwc_otg
Feb 26 15:44:35 raspberrypi kernel: [    2.221270] Indeed it is in host mode hprt0 = 00001101
Feb 26 15:44:35 raspberrypi kernel: [    2.423347] usb 1-1: New USB device found, idVendor=0424, idProduct=9514
Feb 26 15:44:35 raspberrypi kernel: [    2.431712] usb 1-1: New USB device strings: Mfr=0, Product=0, SerialNumber=0
Feb 26 15:44:35 raspberrypi kernel: [    2.441377] hub 1-1:1.0: USB hub found
Feb 26 15:44:35 raspberrypi kernel: [    2.446893] hub 1-1:1.0: 5 ports detected
Feb 26 15:44:35 raspberrypi kernel: [    2.733013] usb 1-1.1: new high-speed USB device number 3 using dwc_otg
Feb 26 15:44:35 raspberrypi kernel: [    2.853336] usb 1-1.1: New USB device found, idVendor=0424, idProduct=ec00
Feb 26 15:44:35 raspberrypi kernel: [    2.861891] usb 1-1.1: New USB device strings: Mfr=0, Product=0, SerialNumber=0
Feb 26 15:44:35 raspberrypi kernel: [    2.873668] smsc95xx v1.0.4
Feb 26 15:44:35 raspberrypi kernel: [    2.937155] smsc95xx 1-1.1:1.0 eth0: register 'smsc95xx' at usb-3f980000.usb-1.1, smsc95xx USB 2.0 Ethernet, b8:27:eb:69:d9:3b
Feb 26 15:44:35 raspberrypi kernel: [    3.043011] usb 1-1.2: new high-speed USB device number 4 using dwc_otg
Feb 26 15:44:35 raspberrypi kernel: [    3.125701] smsc95xx 1-1.1:1.0 eth0: hardware isn't capable of remote wakeup
Feb 26 15:44:35 raspberrypi kernel: [    3.164570] usb 1-1.2: New USB device found, idVendor=0bda, idProduct=8176
Feb 26 15:44:35 raspberrypi kernel: [    3.173274] usb 1-1.2: New USB device strings: Mfr=1, Product=2, SerialNumber=3
Feb 26 15:44:35 raspberrypi kernel: [    3.182388] usb 1-1.2: Product: 802.11n WLAN Adapter
Feb 26 15:44:35 raspberrypi kernel: [    3.189162] usb 1-1.2: Manufacturer: Realtek
Feb 26 15:44:35 raspberrypi kernel: [    3.195218] usb 1-1.2: SerialNumber: 00e04c000001
Feb 26 15:44:35 raspberrypi kernel: [    4.569756] smsc95xx 1-1.1:1.0 eth0: link up, 100Mbps, full-duplex, lpa 0x45E1
Feb 26 15:44:35 raspberrypi kernel: [    4.593022] IP-Config: Guessing netmask 255.255.255.0
Feb 26 15:44:35 raspberrypi kernel: [    4.600140] IP-Config: Complete:
Feb 26 15:44:35 raspberrypi kernel: [    4.605155]      device=eth0, hwaddr=b8:27:eb:69:d9:3b, ipaddr=192.168.1.253, mask=255.255.255.0, gw=255.255.255.255
Feb 26 15:44:35 raspberrypi kernel: [    4.619267]      host=192.168.1.253, domain=, nis-domain=(none)
Feb 26 15:44:35 raspberrypi kernel: [    4.627057]      bootserver=255.255.255.255, rootserver=255.255.255.255, rootpath=
Feb 26 15:44:35 raspberrypi kernel: [    4.662515] EXT4-fs (mmcblk0p2): mounted filesystem with ordered data mode. Opts: (null)
Feb 26 15:44:35 raspberrypi kernel: [    4.674604] VFS: Mounted root (ext4 filesystem) readonly on device 179:2.
Feb 26 15:44:35 raspberrypi kernel: [    4.685319] devtmpfs: mounted
Feb 26 15:44:35 raspberrypi kernel: [    4.690920] Freeing unused kernel memory: 420K (80779000 - 807e2000)
Feb 26 15:44:35 raspberrypi kernel: [    5.084027] random: systemd urandom read with 88 bits of entropy available
Feb 26 15:44:35 raspberrypi kernel: [    5.296333] NET: Registered protocol family 10
Feb 26 15:44:35 raspberrypi kernel: [    5.434004] uart-pl011 3f201000.uart: no DMA platform data
Feb 26 15:44:35 raspberrypi kernel: [    6.497975] fuse init (API version 7.23)
Feb 26 15:44:35 raspberrypi kernel: [    6.569581] i2c /dev entries driver
Feb 26 15:44:35 raspberrypi kernel: [    7.201074] random: nonblocking pool is initialized
Feb 26 15:44:35 raspberrypi kernel: [    7.672868] gpiomem-bcm2835 3f200000.gpiomem: Initialised: Registers at 0x3f200000
Feb 26 15:44:35 raspberrypi kernel: [    7.943101] EXT4-fs (mmcblk0p2): re-mounted. Opts: (null)
Feb 26 15:44:35 raspberrypi kernel: [    8.333176] usbcore: registered new interface driver rtl8192cu
Feb 26 15:44:35 raspberrypi kernel: [    9.639818] IPv6: ADDRCONF(NETDEV_UP): wlan0: link is not ready
Feb 26 15:44:35 raspberrypi kernel: [    9.989829] cfg80211: Calling CRDA to update world regulatory domain
Feb 26 15:44:35 raspberrypi kernel: [   10.170624] Adding 102396k swap on /var/swap.  Priority:-1 extents:5 across:1929212k SSFS
Feb 26 15:44:35 raspberrypi kernel: [   10.387612] cfg80211: World regulatory domain updated:
Feb 26 15:44:35 raspberrypi kernel: [   10.387640] cfg80211:  DFS Master region: unset
Feb 26 15:44:35 raspberrypi kernel: [   10.387649] cfg80211:   (start_freq - end_freq @ bandwidth), (max_antenna_gain, max_eirp), (dfs_cac_time)
Feb 26 15:44:35 raspberrypi kernel: [   10.387662] cfg80211:   (2402000 KHz - 2472000 KHz @ 40000 KHz), (N/A, 2000 mBm), (N/A)
Feb 26 15:44:35 raspberrypi kernel: [   10.387673] cfg80211:   (2457000 KHz - 2482000 KHz @ 40000 KHz), (N/A, 2000 mBm), (N/A)
Feb 26 15:44:35 raspberrypi kernel: [   10.387684] cfg80211:   (2474000 KHz - 2494000 KHz @ 20000 KHz), (N/A, 2000 mBm), (N/A)
Feb 26 15:44:35 raspberrypi kernel: [   10.387697] cfg80211:   (5170000 KHz - 5250000 KHz @ 80000 KHz, 160000 KHz AUTO), (N/A, 2000 mBm), (N/A)
Feb 26 15:44:35 raspberrypi kernel: [   10.387709] cfg80211:   (5250000 KHz - 5330000 KHz @ 80000 KHz, 160000 KHz AUTO), (N/A, 2000 mBm), (0 s)
Feb 26 15:44:35 raspberrypi kernel: [   10.387720] cfg80211:   (5490000 KHz - 5730000 KHz @ 160000 KHz), (N/A, 2000 mBm), (0 s)
Feb 26 15:44:35 raspberrypi kernel: [   10.387731] cfg80211:   (5735000 KHz - 5835000 KHz @ 80000 KHz), (N/A, 2000 mBm), (N/A)
Feb 26 15:44:35 raspberrypi kernel: [   10.387741] cfg80211:   (57240000 KHz - 63720000 KHz @ 2160000 KHz), (N/A, 0 mBm), (N/A)
Feb 26 15:44:36 raspberrypi rsyslogd: [origin software="rsyslogd" swVersion="8.4.2" x-pid="451" x-info="http://www.rsyslog.com"] start
Feb 26 15:44:36 raspberrypi kernel: [    0.000000] Booting Linux on physical CPU 0xf00
Feb 26 15:44:36 raspberrypi kernel: [    0.000000] Initializing cgroup subsys cpuset
Feb 26 15:44:36 raspberrypi kernel: [    0.000000] Initializing cgroup subsys cpu
Feb 26 15:44:36 raspberrypi kernel: [    0.000000] Initializing cgroup subsys cpuacct
Feb 26 15:44:36 raspberrypi kernel: [    0.000000] Linux version 4.1.13-v7+ (dc4@dc4-XPS13-9333) (gcc version 4.8.3 20140303 (prerelease) (crosstool-NG linaro-1.13.1+bzr2650 - Linaro GCC 2014.03) ) #826 SMP PREEMPT Fri Nov 13 20:19:03 GMT 2015
Feb 26 15:44:36 raspberrypi kernel: [    0.000000] CPU: ARMv7 Processor [410fc075] revision 5 (ARMv7), cr=10c5387d
Feb 26 15:44:36 raspberrypi kernel: [    0.000000] CPU: PIPT / VIPT nonaliasing data cache, VIPT aliasing instruction cache
