03830000-038300ff : samsung-i2s.0
  03830000-038300ff : samsung-i2s
05000000-0500ffff : smsc911x
  05000000-0500ffff : smsc911x
10060000-10060fff : s3c2410-wdt
  10060000-10060fff : s3c2410-wdt
10070000-100700ff : s3c64xx-rtc
  10070000-100700ff : s3c64xx-rtc
100a0000-100a001f : samsung-keypad
100b0000-100b0fff : s5p-tvout-cec
10a40000-10a40fff : s5p-sysmmu.15
11a20000-11a20fff : s5p-sysmmu.1
11a30000-11a30fff : s5p-sysmmu.2
11a40000-11a40fff : s5p-sysmmu.3
11a50000-11a50fff : s5p-sysmmu.4
11a60000-11a60fff : s5p-sysmmu.5
11c00000-11c07fff : s3cfb.0
  11c00000-11c07fff : s3cfb
12480000-12480fff : s3c-usbgadget
  12480000-12480fff : s3c-usbgadget
12530000-12530fff : s3c-sdhci.2
  12530000-12530fff : mmc1
12540000-12540fff : s3c-sdhci.3
  12540000-12540fff : mmc2
12550000-12550fff : dw_mmc
12580000-125800ff : s5p-ehci
12590000-125900ff : s5p-ohci
12680000-12681000 : s3c-pl330.1
  12680000-12681000 : s3c-pl330
12690000-12691000 : s3c-pl330.2
  12690000-12691000 : s3c-pl330
126c0000-126c1fff : exynos4412-adc
12850000-12851000 : s3c-pl330.0
  12850000-12851000 : s3c-pl330
12c00000-12c0ffff : vp
12c10000-12c1ffff : mxr
12c20000-12c2ffff : s5p-sdo
12d00000-12dfffff : exynos4-hdmi
12e20000-12e20fff : s5p-sysmmu.12
  12e20000-12e20fff : s5p-sysmmu.12
13400000-1340ffff : s5p-mfc
  13400000-1340ffff : s5p-mfc
13620000-13620fff : s5p-sysmmu.13
  13620000-13620fff : s5p-sysmmu.13
13630000-13630fff : s5p-sysmmu.14
  13630000-13630fff : s5p-sysmmu.14
13800000-138000ff : s5pv210-uart.0
  13800000-138000ff : s5pv210-uart
13810000-138100ff : s5pv210-uart.1
  13810000-138100ff : s5pv210-uart
13820000-138200ff : s5pv210-uart.2
  13820000-138200ff : s5pv210-uart
13830000-138300ff : s5pv210-uart.3
  13830000-138300ff : s5pv210-uart
13860000-13860fff : s3c2440-i2c.0
  13860000-13860fff : s3c2440-i2c
13870000-13870fff : s3c2440-i2c.1
  13870000-13870fff : s3c2440-i2c
13880000-13880fff : s3c2440-i2c.2
  13880000-13880fff : s3c2440-i2c
13890000-13890fff : s3c2440-i2c.3
  13890000-13890fff : s3c2440-i2c
138a0000-138a0fff : s3c2440-i2c.4
  138a0000-138a0fff : s3c2440-i2c
138b0000-138b0fff : s3c2440-i2c.5
  138b0000-138b0fff : s3c2440-i2c
138c0000-138c0fff : s3c2440-i2c.6
  138c0000-138c0fff : s3c2440-i2c
138d0000-138d0fff : s3c2440-i2c.7
  138d0000-138d0fff : s3c2440-i2c
138e0000-138e0fff : s3c2440-hdmiphy-i2c
  138e0000-138e0fff : s3c2440-hdmiphy-i2c
40000000-6dffffff : System RAM
  40134000-406e8fff : Kernel text
  406ea000-40873557 : Kernel data
70000000-bfefffff : System RAM